Component: ARM Compiler 5.06 update 7 (build 960) Tool: armlink [4d3601]

==============================================================================

Section Cross References

    startup_stm32f103x6.o(STACK) refers (Special) to heapauxi.o(.text) for __use_two_region_memory
    startup_stm32f103x6.o(HEAP) refers (Special) to heapauxi.o(.text) for __use_two_region_memory
    startup_stm32f103x6.o(RESET) refers (Special) to heapauxi.o(.text) for __use_two_region_memory
    startup_stm32f103x6.o(RESET) refers to startup_stm32f103x6.o(STACK) for __initial_sp
    startup_stm32f103x6.o(RESET) refers to startup_stm32f103x6.o(.text) for Reset_Handler
    startup_stm32f103x6.o(RESET) refers to stm32f1xx_it.o(i.NMI_Handler) for NMI_Handler
    startup_stm32f103x6.o(RESET) refers to stm32f1xx_it.o(i.HardFault_Handler) for HardFault_Handler
    startup_stm32f103x6.o(RESET) refers to stm32f1xx_it.o(i.MemManage_Handler) for MemManage_Handler
    startup_stm32f103x6.o(RESET) refers to stm32f1xx_it.o(i.BusFault_Handler) for BusFault_Handler
    startup_stm32f103x6.o(RESET) refers to stm32f1xx_it.o(i.UsageFault_Handler) for UsageFault_Handler
    startup_stm32f103x6.o(RESET) refers to stm32f1xx_it.o(i.SVC_Handler) for SVC_Handler
    startup_stm32f103x6.o(RESET) refers to stm32f1xx_it.o(i.DebugMon_Handler) for DebugMon_Handler
    startup_stm32f103x6.o(RESET) refers to stm32f1xx_it.o(i.PendSV_Handler) for PendSV_Handler
    startup_stm32f103x6.o(RESET) refers to stm32f1xx_it.o(i.SysTick_Handler) for SysTick_Handler
    startup_stm32f103x6.o(RESET) refers to stm32f1xx_it.o(i.EXTI2_IRQHandler) for EXTI2_IRQHandler
    startup_stm32f103x6.o(RESET) refers to stm32f1xx_it.o(i.DMA1_Channel2_IRQHandler) for DMA1_Channel2_IRQHandler
    startup_stm32f103x6.o(RESET) refers to stm32f1xx_it.o(i.ADC1_2_IRQHandler) for ADC1_2_IRQHandler
    startup_stm32f103x6.o(RESET) refers to stm32f1xx_it.o(i.TIM2_IRQHandler) for TIM2_IRQHandler
    startup_stm32f103x6.o(RESET) refers to stm32f1xx_it.o(i.TIM3_IRQHandler) for TIM3_IRQHandler
    startup_stm32f103x6.o(.text) refers (Special) to heapauxi.o(.text) for __use_two_region_memory
    startup_stm32f103x6.o(.text) refers to system_stm32f1xx.o(i.SystemInit) for SystemInit
    startup_stm32f103x6.o(.text) refers to __main.o(!!!main) for __main
    startup_stm32f103x6.o(.text) refers to startup_stm32f103x6.o(HEAP) for Heap_Mem
    startup_stm32f103x6.o(.text) refers to startup_stm32f103x6.o(STACK) for Stack_Mem
    lcd_txt.o(i.lcd_clear) refers to lcd_txt.o(i.lcd_write) for lcd_write
    lcd_txt.o(i.lcd_init) refers to stm32f1xx_hal_gpio.o(i.HAL_GPIO_WritePin) for HAL_GPIO_WritePin
    lcd_txt.o(i.lcd_init) refers to lcd_txt.o(i.lcd_write) for lcd_write
    lcd_txt.o(i.lcd_puts) refers to lcd_txt.o(i.lcd_write) for lcd_write
    lcd_txt.o(i.lcd_write) refers to stm32f1xx_hal_gpio.o(i.HAL_GPIO_WritePin) for HAL_GPIO_WritePin
    main.o(i.Delay) refers to main.o(.bss) for htim2
    main.o(i.Error_Handler) refers to stm32f1xx_hal_gpio.o(i.HAL_GPIO_WritePin) for HAL_GPIO_WritePin
    main.o(i.HAL_ADC_ConvCpltCallback) refers to _printf_percent.o(.ARM.Collect$$_printf_percent$$00000000) for _printf_percent
    main.o(i.HAL_ADC_ConvCpltCallback) refers to _printf_f.o(.ARM.Collect$$_printf_percent$$00000003) for _printf_f
    main.o(i.HAL_ADC_ConvCpltCallback) refers to printf1.o(x$fpl$printf1) for _printf_fp_dec
    main.o(i.HAL_ADC_ConvCpltCallback) refers to stm32f1xx_hal_adc.o(i.HAL_ADC_GetValue) for HAL_ADC_GetValue
    main.o(i.HAL_ADC_ConvCpltCallback) refers to dflt_clz.o(x$fpl$dflt) for __aeabi_i2d
    main.o(i.HAL_ADC_ConvCpltCallback) refers to ddiv.o(x$fpl$ddiv) for __aeabi_ddiv
    main.o(i.HAL_ADC_ConvCpltCallback) refers to dmul.o(x$fpl$dmul) for __aeabi_dmul
    main.o(i.HAL_ADC_ConvCpltCallback) refers to d2f.o(x$fpl$d2f) for __aeabi_d2f
    main.o(i.HAL_ADC_ConvCpltCallback) refers to stm32f1xx_hal_gpio.o(i.HAL_GPIO_WritePin) for HAL_GPIO_WritePin
    main.o(i.HAL_ADC_ConvCpltCallback) refers to f2d.o(x$fpl$f2d) for __aeabi_f2d
    main.o(i.HAL_ADC_ConvCpltCallback) refers to __2sprintf.o(.text) for __2sprintf
    main.o(i.HAL_ADC_ConvCpltCallback) refers to strlen.o(.text) for strlen
    main.o(i.HAL_ADC_ConvCpltCallback) refers to stm32f1xx_hal_uart.o(i.HAL_UART_Transmit) for HAL_UART_Transmit
    main.o(i.HAL_ADC_ConvCpltCallback) refers to main.o(.bss) for hadc1
    main.o(i.HAL_ADC_ConvCpltCallback) refers to main.o(.data) for ADCVal
    main.o(i.HAL_ADC_ErrorCallback) refers to main.o(i.Error_Handler) for Error_Handler
    main.o(i.HAL_GPIO_EXTI_Callback) refers to stm32f1xx_hal_gpio.o(i.HAL_GPIO_WritePin) for HAL_GPIO_WritePin
    main.o(i.HAL_GPIO_EXTI_Callback) refers to main.o(.data) for start
    main.o(i.HAL_TIM_IC_CaptureCallback) refers to stm32f1xx_hal_tim.o(i.HAL_TIM_ReadCapturedValue) for HAL_TIM_ReadCapturedValue
    main.o(i.HAL_TIM_IC_CaptureCallback) refers to dflt_clz.o(x$fpl$dfltu) for __aeabi_ui2d
[...]
    i.HAL_TIM_PWM_Start                      0x080040e0   Section        0  stm32f1xx_hal_tim.o(i.HAL_TIM_PWM_Start)
    i.HAL_TIM_PeriodElapsedCallback          0x080041a8   Section        0  main.o(i.HAL_TIM_PeriodElapsedCallback)
    i.HAL_TIM_ReadCapturedValue              0x08004294   Section        0  stm32f1xx_hal_tim.o(i.HAL_TIM_ReadCapturedValue)
    i.HAL_TIM_TriggerCallback                0x080042c6   Section        0  stm32f1xx_hal_tim.o(i.HAL_TIM_TriggerCallback)
    i.HAL_UART_Init                          0x080042c8   Section        0  stm32f1xx_hal_uart.o(i.HAL_UART_Init)
    i.HAL_UART_MspInit                       0x0800433c   Section        0  stm32f1xx_hal_msp.o(i.HAL_UART_MspInit)
    i.HAL_UART_Transmit                      0x080043d8   Section        0  stm32f1xx_hal_uart.o(i.HAL_UART_Transmit)
    i.HCSR04_Read                            0x080044ac   Section        0  main.o(i.HCSR04_Read)
    i.HardFault_Handler                      0x080044e4   Section        0  stm32f1xx_it.o(i.HardFault_Handler)
    i.MX_ADC1_Init                           0x080044e8   Section        0  main.o(i.MX_ADC1_Init)
    MX_ADC1_Init                             0x080044e9   Thumb Code    82  main.o(i.MX_ADC1_Init)
    i.MX_DMA_Init                            0x08004544   Section        0  main.o(i.MX_DMA_Init)
    MX_DMA_Init                              0x08004545   Thumb Code    48  main.o(i.MX_DMA_Init)
    i.MX_GPIO_Init                           0x08004578   Section        0  main.o(i.MX_GPIO_Init)
    MX_GPIO_Init                             0x08004579   Thumb Code   210  main.o(i.MX_GPIO_Init)
    i.MX_SPI1_Init                           0x0800465c   Section        0  main.o(i.MX_SPI1_Init)
    MX_SPI1_Init                             0x0800465d   Thumb Code    60  main.o(i.MX_SPI1_Init)
    i.MX_TIM1_Init                           0x080046a0   Section        0  main.o(i.MX_TIM1_Init)
    MX_TIM1_Init                             0x080046a1   Thumb Code   254  main.o(i.MX_TIM1_Init)
    i.MX_TIM2_Init                           0x080047a8   Section        0  main.o(i.MX_TIM2_Init)
    MX_TIM2_Init                             0x080047a9   Thumb Code   112  main.o(i.MX_TIM2_Init)
    i.MX_TIM3_Init                           0x0800481c   Section        0  main.o(i.MX_TIM3_Init)
    MX_TIM3_Init                             0x0800481d   Thumb Code   104  main.o(i.MX_TIM3_Init)
    i.MX_USART1_UART_Init                    0x0800488c   Section        0  main.o(i.MX_USART1_UART_Init)
    MX_USART1_UART_Init                      0x0800488d   Thumb Code    46  main.o(i.MX_USART1_UART_Init)
    i.MemManage_Handler                      0x080048c4   Section        0  stm32f1xx_it.o(i.MemManage_Handler)
    i.MoveForward                            0x080048c8   Section        0  main.o(i.MoveForward)
    i.NMI_Handler                            0x080048f8   Section        0  stm32f1xx_it.o(i.NMI_Handler)
    i.PendSV_Handler                         0x080048fc   Section        0  stm32f1xx_it.o(i.PendSV_Handler)
    i.RCC_Delay                              0x08004900   Section        0  stm32f1xx_hal_rcc.o(i.RCC_Delay)
    RCC_Delay                                0x08004901   Thumb Code    36  stm32f1xx_hal_rcc.o(i.RCC_Delay)
    i.SPI_EndRxTransaction                   0x08004928   Section        0  stm32f1xx_hal_spi.o(i.SPI_EndRxTransaction)
    SPI_EndRxTransaction                     0x08004929   Thumb Code   120  stm32f1xx_hal_spi.o(i.SPI_EndRxTransaction)
    i.SPI_EndRxTxTransaction                 0x080049a0   Section        0  stm32f1xx_hal_spi.o(i.SPI_EndRxTxTransaction)
    SPI_EndRxTxTransaction                   0x080049a1   Thumb Code    40  stm32f1xx_hal_spi.o(i.SPI_EndRxTxTransaction)
    i.SPI_WaitFlagStateUntilTimeout          0x080049c8   Section        0  stm32f1xx_hal_spi.o(i.SPI_WaitFlagStateUntilTimeout)
    SPI_WaitFlagStateUntilTimeout            0x080049c9   Thumb Code   210  stm32f1xx_hal_spi.o(i.SPI_WaitFlagStateUntilTimeout)
    i.SVC_Handler                            0x08004aa0   Section        0  stm32f1xx_it.o(i.SVC_Handler)
    i.Stop                                   0x08004aa4   Section        0  main.o(i.Stop)
    i.SysTick_Handler                        0x08004ad0   Section        0  stm32f1xx_it.o(i.SysTick_Handler)
    i.SystemClock_Config                     0x08004ad8   Section        0  main.o(i.SystemClock_Config)
    i.SystemInit                             0x08004b4c   Section        0  system_stm32f1xx.o(i.SystemInit)
    i.TIM2_IRQHandler                        0x08004b50   Section        0  stm32f1xx_it.o(i.TIM2_IRQHandler)
    i.TIM3_IRQHandler                        0x08004b60   Section        0  stm32f1xx_it.o(i.TIM3_IRQHandler)
    i.TIM_Base_SetConfig                     0x08004b70   Section        0  stm32f1xx_hal_tim.o(i.TIM_Base_SetConfig)
    i.TIM_CCxChannelCmd                      0x08004bd4   Section        0  stm32f1xx_hal_tim.o(i.TIM_CCxChannelCmd)
    i.TIM_ETR_SetConfig                      0x08004bf6   Section        0  stm32f1xx_hal_tim.o(i.TIM_ETR_SetConfig)
    i.TIM_ITRx_SetConfig                     0x08004c0c   Section        0  stm32f1xx_hal_tim.o(i.TIM_ITRx_SetConfig)
    TIM_ITRx_SetConfig                       0x08004c0d   Thumb Code    18  stm32f1xx_hal_tim.o(i.TIM_ITRx_SetConfig)
    i.TIM_OC1_SetConfig                      0x08004c20   Section        0  stm32f1xx_hal_tim.o(i.TIM_OC1_SetConfig)
    TIM_OC1_SetConfig                        0x08004c21   Thumb Code    90  stm32f1xx_hal_tim.o(i.TIM_OC1_SetConfig)
    i.TIM_OC2_SetConfig                      0x08004c80   Section        0  stm32f1xx_hal_tim.o(i.TIM_OC2_SetConfig)
    i.TIM_OC3_SetConfig                      0x08004ce8   Section        0  stm32f1xx_hal_tim.o(i.TIM_OC3_SetConfig)
    TIM_OC3_SetConfig                        0x08004ce9   Thumb Code    98  stm32f1xx_hal_tim.o(i.TIM_OC3_SetConfig)
    i.TIM_OC4_SetConfig                      0x08004d50   Section        0  stm32f1xx_hal_tim.o(i.TIM_OC4_SetConfig)
    TIM_OC4_SetConfig                        0x08004d51   Thumb Code    68  stm32f1xx_hal_tim.o(i.TIM_OC4_SetConfig)
    i.TIM_TI1_ConfigInputStage               0x08004d98   Section        0  stm32f1xx_hal_tim.o(i.TIM_TI1_ConfigInputStage)
    TIM_TI1_ConfigInputStage                 0x08004d99   Thumb Code    38  stm32f1xx_hal_tim.o(i.TIM_TI1_ConfigInputStage)
    i.TIM_TI1_SetConfig                      0x08004dc0   Section        0  stm32f1xx_hal_tim.o(i.TIM_TI1_SetConfig)
    i.TIM_TI2_ConfigInputStage               0x08004e1c   Section        0  stm32f1xx_hal_tim.o(i.TIM_TI2_ConfigInputStage)
    TIM_TI2_ConfigInputStage                 0x08004e1d   Thumb Code    40  stm32f1xx_hal_tim.o(i.TIM_TI2_ConfigInputStage)
    i.TIM_TI2_SetConfig                      0x08004e44   Section        0  stm32f1xx_hal_tim.o(i.TIM_TI2_SetConfig)
    TIM_TI2_SetConfig                        0x08004e45   Thumb Code    58  stm32f1xx_hal_tim.o(i.TIM_TI2_SetConfig)
    i.TIM_TI3_SetConfig                      0x08004e7e   Section        0  stm32f1xx_hal_tim.o(i.TIM_TI3_SetConfig)
    TIM_TI3_SetConfig                        0x08004e7f   Thumb Code    56  stm32f1xx_hal_tim.o(i.TIM_TI3_SetConfig)
    i.TIM_TI4_SetConfig                      0x08004eb6   Section        0  stm32f1xx_hal_tim.o(i.TIM_TI4_SetConfig)
    TIM_TI4_SetConfig                        0x08004eb7   Thumb Code    60  stm32f1xx_hal_tim.o(i.TIM_TI4_SetConfig)
    i.TurnLeft                               0x08004ef4   Section        0  main.o(i.TurnLeft)
    i.TurnRight                              0x08004f2c   Section        0  main.o(i.TurnRight)
    i.UART_SetConfig                         0x08004f64   Section        0  stm32f1xx_hal_uart.o(i.UART_SetConfig)
    UART_SetConfig                           0x08004f65   Thumb Code   248  stm32f1xx_hal_uart.o(i.UART_SetConfig)
    i.UART_WaitOnFlagUntilTimeout            0x08005060   Section        0  stm32f1xx_hal_uart.o(i.UART_WaitOnFlagUntilTimeout)
    UART_WaitOnFlagUntilTimeout              0x08005061   Thumb Code   108  stm32f1xx_hal_uart.o(i.UART_WaitOnFlagUntilTimeout)
    i.UsageFault_Handler                     0x080050cc   Section        0  stm32f1xx_it.o(i.UsageFault_Handler)
    i.__ARM_fpclassify                       0x080050d0   Section        0  fpclassify.o(i.__ARM_fpclassify)
    i.__NVIC_GetPriorityGrouping             0x080050f8   Section        0  stm32f1xx_hal_cortex.o(i.__NVIC_GetPriorityGrouping)
    __NVIC_GetPriorityGrouping               0x080050f9   Thumb Code    10  stm32f1xx_hal_cortex.o(i.__NVIC_GetPriorityGrouping)
    i.__NVIC_SetPriority                     0x08005108   Section        0  stm32f1xx_hal_cortex.o(i.__NVIC_SetPriority)
    __NVIC_SetPriority                       0x08005109   Thumb Code    32  stm32f1xx_hal_cortex.o(i.__NVIC_SetPriority)
    i._is_digit                              0x08005130   Section        0  __printf_wp.o(i._is_digit)
    i.checkDeviceSurrounded                  0x0800513e   Section        0  algorithm.o(i.checkDeviceSurrounded)
    i.checkObstacleList                      0x08005160   Section        0  algorithm.o(i.checkObstacleList)
    i.checkTraceList                         0x080051d2   Section        0  algorithm.o(i.checkTraceList)
    i.createPosList                          0x08005244   Section        0  algorithm.o(i.createPosList)
    i.detectDirection                        0x080052b8   Section        0  algorithm.o(i.detectDirection)
    i.freeArray                              0x0800534c   Section        0  algorithm.o(i.freeArray)
    i.getInfoDistanceSensor                  0x08005360   Section        0  algorithm.o(i.getInfoDistanceSensor)
    i.initArray                              0x0800536e   Section        0  algorithm.o(i.initArray)
    i.initialize                             0x08005388   Section        0  algorithm.o(i.initialize)
    i.insertArray                            0x080053cc   Section        0  algorithm.o(i.insertArray)
    i.lcd_clear                              0x08005406   Section        0  lcd_txt.o(i.lcd_clear)
    i.lcd_init                               0x08005414   Section        0  lcd_txt.o(i.lcd_init)
    i.lcd_puts                               0x08005490   Section        0  lcd_txt.o(i.lcd_puts)
    i.lcd_write                              0x080054f8   Section        0  lcd_txt.o(i.lcd_write)
    i.main                                   0x08005640   Section        0  main.o(i.main)
    i.randomSelection                        0x080056e0   Section        0  algorithm.o(i.randomSelection)
    i.recursive                              0x08005778   Section        0  algorithm.o(i.recursive)
    locale$$code                             0x08005880   Section       44  lc_numeric_c.o(locale$$code)
    x$fpl$d2f                                0x080058ac   Section       98  d2f.o(x$fpl$d2f)
    x$fpl$ddiv                               0x08005910   Section      688  ddiv.o(x$fpl$ddiv)
    ddiv_entry                               0x08005917   Thumb Code     0  ddiv.o(x$fpl$ddiv)
    x$fpl$dfixu                              0x08005bc0   Section       90  dfixu.o(x$fpl$dfixu)
    x$fpl$dflt                               0x08005c1a   Section       46  dflt_clz.o(x$fpl$dflt)
    x$fpl$dfltu                              0x08005c48   Section       38  dflt_clz.o(x$fpl$dfltu)
    x$fpl$dmul                               0x08005c70   Section      340  dmul.o(x$fpl$dmul)
    x$fpl$dnaninf                            0x08005dc4   Section      156  dnaninf.o(x$fpl$dnaninf)
    x$fpl$dretinf                            0x08005e60   Section       12  dretinf.o(x$fpl$dretinf)
    x$fpl$f2d                                0x08005e6c   Section       86  f2d.o(x$fpl$f2d)
    x$fpl$fnaninf                            0x08005ec2   Section      140  fnaninf.o(x$fpl$fnaninf)
    x$fpl$fretinf                            0x08005f4e   Section       10  fretinf.o(x$fpl$fretinf)
    x$fpl$printf1                            0x08005f58   Section        4  printf1.o(x$fpl$printf1)
    .constdata                               0x08005f5c   Section       24  system_stm32f1xx.o(.constdata)
    x$fpl$usenofp                            0x08005f5c   Section        0  usenofp.o(x$fpl$usenofp)
    .constdata                               0x08005f74   Section      148  bigflt0.o(.constdata)
    tenpwrs_x                                0x08005f74   Data          60  bigflt0.o(.constdata)
    tenpwrs_i                                0x08005fb0   Data          64  bigflt0.o(.constdata)
    locale$$data                             0x08006028   Section       28  lc_numeric_c.o(locale$$data)
    __lcnum_c_name                           0x0800602c   Data           2  lc_numeric_c.o(locale$$data)
    __lcnum_c_start                          0x08006034   Data           0  lc_numeric_c.o(locale$$data)
    __lcnum_c_point                          0x08006040   Data           0  lc_numeric_c.o(locale$$data)
    __lcnum_c_thousands                      0x08006042   Data           0  lc_numeric_c.o(locale$$data)
    __lcnum_c_grouping                       0x08006043   Data           0  lc_numeric_c.o(locale$$data)
    __lcnum_c_end                            0x08006044   Data           0  lc_numeric_c.o(locale$$data)
    .data                                    0x20000000   Section       28  main.o(.data)
    .data                                    0x2000001c   Section        8  algorithm.o(.data)
    posList                                  0x2000001c   Data           4  algorithm.o(.data)
    .data                                    0x20000024   Section        9  stm32f1xx_hal.o(.data)
    .data                                    0x20000030   Section        4  system_stm32f1xx.o(.data)
    .bss                                     0x20000034   Section      488  main.o(.bss)
    .bss                                     0x2000021c   Section       36  algorithm.o(.bss)
    trace                                    0x2000021c   Data          12  algorithm.o(.bss)
    obstacle                                 0x20000228   Data          12  algorithm.o(.bss)
    currentLocation                          0x20000234   Data          12  algorithm.o(.bss)
    .bss                                     0x20000240   Section      228  rand.o(.bss)
    .bss                                     0x20000324   Section       96  libspace.o(.bss)
    HEAP                                     0x20000388   Section      512  startup_stm32f103x6.o(HEAP)
    Heap_Mem                                 0x20000388   Data         512  startup_stm32f103x6.o(HEAP)
    STACK                                    0x20000588   Section     1024  startup_stm32f103x6.o(STACK)
    Stack_Mem                                0x20000588   Data        1024  startup_stm32f103x6.o(STACK)
    __initial_sp                             0x20000988   Data           0  startup_stm32f103x6.o(STACK)

    Global Symbols

    Symbol Name                              Value     Ov Type        Size  Object(Section)

    BuildAttributes$$THM_ISAv4$P$D$K$B$S$PE$A:L22UL41UL21$X:L11$S22US41US21$IEEE1$IW$USESV6$~STKCKD$USESV7$~SHL$OTIME$ROPI$IEEEJ$EBA8$UX$STANDARDLIB$REQ8$PRES8$EABIv2 0x00000000   Number         0  anon$$obj.o ABSOLUTE
    __ARM_use_no_argv                        0x00000000   Number         0  main.o ABSOLUTE
    _printf_flags                            0x00000000   Number         0  printf_stubs.o ABSOLUTE
    _printf_return_value                     0x00000000   Number         0  printf_stubs.o ABSOLUTE
    _printf_sizespec                         0x00000000   Number         0  printf_stubs.o ABSOLUTE
    _printf_widthprec                        0x00000000   Number         0  printf_stubs.o ABSOLUTE
    __ARM_exceptions_init                     - Undefined Weak Reference
    __alloca_initialize                       - Undefined Weak Reference
    __arm_fini_                               - Undefined Weak Reference
    __arm_preinit_                            - Undefined Weak Reference
    __cpp_initialize__aeabi_                  - Undefined Weak Reference
    __cxa_finalize                            - Undefined Weak Reference
    __sigvec_lookup                           - Undefined Weak Reference
    __user_heap_extent                        - Undefined Weak Reference
    _atexit_init                              - Undefined Weak Reference
    _call_atexit_fns                          - Undefined Weak Reference
    _clock_init                               - Undefined Weak Reference
    _fp_trap_init                             - Undefined Weak Reference
    _fp_trap_shutdown                         - Undefined Weak Reference
    _get_lc_collate                           - Undefined Weak Reference
    _get_lc_ctype                             - Undefined Weak Reference
    _get_lc_monetary                          - Undefined Weak Reference
    _get_lc_time                              - Undefined Weak Reference
    _getenv_init                              - Undefined Weak Reference
    _handle_redirection                       - Undefined Weak Reference
    _initio                                   - Undefined Weak Reference
    _mutex_acquire                            - Undefined Weak Reference
    _mutex_free                               - Undefined Weak Reference
    _mutex_release                            - Undefined Weak Reference
    _printf_post_padding                      - Undefined Weak Reference
    _printf_pre_padding                       - Undefined Weak Reference
    _printf_truncate_signed                   - Undefined Weak Reference
    _printf_truncate_unsigned                 - Undefined Weak Reference
    _signal_finish                            - Undefined Weak Reference
    _signal_init                              - Undefined Weak Reference
    _terminateio                              - Undefined Weak Reference
    __Vectors_Size                           0x000000ec   Number         0  startup_stm32f103x6.o ABSOLUTE
    __Vectors                                0x08000000   Data           4  startup_stm32f103x6.o(RESET)
    __Vectors_End                            0x080000ec   Data           0  startup_stm32f103x6.o(RESET)
    __main                                   0x080000ed   Thumb Code     8  __main.o(!!!main)
    __scatterload                            0x080000f5   Thumb Code     0  __scatter.o(!!!scatter)
    __scatterload_rt2                        0x080000f5   Thumb Code    44  __scatter.o(!!!scatter)
    __scatterload_rt2_thumb_only             0x080000f5   Thumb Code     0  __scatter.o(!!!scatter)
    __scatterload_null                       0x08000103   Thumb Code     0  __scatter.o(!!!scatter)
    __scatterload_copy                       0x08000129   Thumb Code    26  __scatter_copy.o(!!handler_copy)
    __scatterload_zeroinit                   0x08000145   Thumb Code    28  __scatter_zi.o(!!handler_zi)
    _printf_f                                0x08000161   Thumb Code     0  _printf_f.o(.ARM.Collect$$_printf_percent$$00000003)
    _printf_percent                          0x08000161   Thumb Code     0  _printf_percent.o(.ARM.Collect$$_printf_percent$$00000000)
    _printf_d                                0x08000167   Thumb Code     0  _printf_d.o(.ARM.Collect$$_printf_percent$$00000009)
    _printf_percent_end                      0x0800016d   Thumb Code     0  _printf_percent_end.o(.ARM.Collect$$_printf_percent$$00000017)
    __rt_lib_init                            0x08000171   Thumb Code     0  libinit.o(.ARM.Collect$$libinit$$00000000)
    __rt_lib_init_fp_1                       0x08000173   Thumb Code     0  libinit2.o(.ARM.Collect$$libinit$$00000002)
    __rt_lib_init_heap_2                     0x08000173   Thumb Code     0  libinit2.o(.ARM.Collect$$libinit$$00000005)
    __rt_lib_init_preinit_1                  0x08000173   Thumb Code     0  libinit2.o(.ARM.Collect$$libinit$$00000004)
    __rt_lib_init_heap_1                     0x0800017b   Thumb Code     0  libinit2.o(.ARM.Collect$$libinit$$0000000A)
    __rt_lib_init_rand_2                     0x0800017b   Thumb Code     0  libinit2.o(.ARM.Collect$$libinit$$0000000D)
    __rt_lib_init_user_alloc_1               0x0800017b   Thumb Code     0  libinit2.o(.ARM.Collect$$libinit$$0000000C)
    __rt_lib_init_lc_common                  0x0800017f   Thumb Code     0  libinit2.o(.ARM.Collect$$libinit$$0000000F)
    __rt_lib_init_rand_1                     0x0800017f   Thumb Code     0  libinit2.o(.ARM.Collect$$libinit$$0000000E)
    __rt_lib_init_lc_collate_1               0x08000185   Thumb Code     0  libinit2.o(.ARM.Collect$$libinit$$00000011)
    __rt_lib_init_lc_ctype_1                 0x08000185   Thumb Code     0  libinit2.o(.ARM.Collect$$libinit$$00000013)
    __rt_lib_init_lc_monetary_1              0x08000185   Thumb Code     0  libinit2.o(.ARM.Collect$$libinit$$00000015)
    __rt_lib_init_lc_numeric_2               0x08000185   Thumb Code     0  libinit2.o(.ARM.Collect$$libinit$$00000016)
    __rt_lib_init_alloca_1                   0x0800018f   Thumb Code     0  libinit2.o(.ARM.Collect$$libinit$$0000002E)
    __rt_lib_init_argv_1                     0x0800018f   Thumb Code     0  libinit2.o(.ARM.Collect$$libinit$$0000002C)
    __rt_lib_init_atexit_1                   0x0800018f   Thumb Code     0  libinit2.o(.ARM.Collect$$libinit$$0000001B)
    __rt_lib_init_clock_1                    0x0800018f   Thumb Code     0  libinit2.o(.ARM.Collect$$libinit$$00000021)
    __rt_lib_init_cpp_1                      0x0800018f   Thumb Code     0  libinit2.o(.ARM.Collect$$libinit$$00000032)
    __rt_lib_init_exceptions_1               0x0800018f   Thumb Code     0  libinit2.o(.ARM.Collect$$libinit$$00000030)
    __rt_lib_init_fp_trap_1                  0x0800018f   Thumb Code     0  libinit2.o(.ARM.Collect$$libinit$$0000001F)
    __rt_lib_init_getenv_1                   0x0800018f   Thumb Code     0  libinit2.o(.ARM.Collect$$libinit$$00000023)
    __rt_lib_init_lc_numeric_1               0x0800018f   Thumb Code     0  libinit2.o(.ARM.Collect$$libinit$$00000017)
    __rt_lib_init_lc_time_1                  0x0800018f   Thumb Code     0  libinit2.o(.ARM.Collect$$libinit$$00000019)
    __rt_lib_init_return                     0x0800018f   Thumb Code     0  libinit2.o(.ARM.Collect$$libinit$$00000033)
    __rt_lib_init_signal_1                   0x0800018f   Thumb Code     0  libinit2.o(.ARM.Collect$$libinit$$0000001D)
    __rt_lib_init_stdio_1                    0x0800018f   Thumb Code     0  libinit2.o(.ARM.Collect$$libinit$$00000025)
    __rt_lib_shutdown                        0x08000191   Thumb Code     0  libshutdown.o(.ARM.Collect$$libshutdown$$00000000)
    __rt_lib_shutdown_cpp_1                  0x08000193   Thumb Code     0  libshutdown2.o(.ARM.Collect$$libshutdown$$00000004)
    __rt_lib_shutdown_fini_1                 0x08000193   Thumb Code     0  libshutdown2.o(.ARM.Collect$$libshutdown$$00000002)
    __rt_lib_shutdown_fp_trap_1              0x08000193   Thumb Code     0  libshutdown2.o(.ARM.Collect$$libshutdown$$00000009)
    __rt_lib_shutdown_heap_1                 0x08000193   Thumb Code     0  libshutdown2.o(.ARM.Collect$$libshutdown$$00000011)
    __rt_lib_shutdown_return                 0x08000193   Thumb Code     0  libshutdown2.o(.ARM.Collect$$libshutdown$$00000012)
    __rt_lib_shutdown_signal_1               0x08000193   Thumb Code     0  libshutdown2.o(.ARM.Collect$$libshutdown$$0000000C)
    __rt_lib_shutdown_stdio_1                0x08000193   Thumb Code     0  libshutdown2.o(.ARM.Collect$$libshutdown$$00000006)
    __rt_lib_shutdown_user_alloc_1           0x08000193   Thumb Code     0  libshutdown2.o(.ARM.Collect$$libshutdown$$0000000E)
    __rt_entry                               0x08000195   Thumb Code     0  __rtentry.o(.ARM.Collect$$rtentry$$00000000)
    __rt_entry_presh_1                       0x08000195   Thumb Code     0  __rtentry2.o(.ARM.Collect$$rtentry$$00000002)
    __rt_entry_sh                            0x08000195   Thumb Code     0  __rtentry4.o(.ARM.Collect$$rtentry$$00000004)
    __rt_entry_li                            0x0800019b   Thumb Code     0  __rtentry2.o(.ARM.Collect$$rtentry$$0000000A)
    __rt_entry_postsh_1                      0x0800019b   Thumb Code     0  __rtentry2.o(.ARM.Collect$$rtentry$$00000009)
    __rt_entry_main                          0x0800019f   Thumb Code     0  __rtentry2.o(.ARM.Collect$$rtentry$$0000000D)
    __rt_entry_postli_1                      0x0800019f   Thumb Code     0  __rtentry2.o(.ARM.Collect$$rtentry$$0000000C)
    __rt_exit                                0x080001a7   Thumb Code     0  rtexit.o(.ARM.Collect$$rtexit$$00000000)
    __rt_exit_ls                             0x080001a9   Thumb Code     0  rtexit2.o(.ARM.Collect$$rtexit$$00000003)
    __rt_exit_prels_1                        0x080001a9   Thumb Code     0  rtexit2.o(.ARM.Collect$$rtexit$$00000002)
    __rt_exit_exit                           0x080001ad   Thumb Code     0  rtexit2.o(.ARM.Collect$$rtexit$$00000004)
    rand                                     0x080001b5   Thumb Code    48  rand.o(.emb_text)
    Reset_Handler                            0x080001e9   Thumb Code     8  startup_stm32f103x6.o(.text)
    _maybe_terminate_alloc                   0x080001e9   Thumb Code     0  maybetermalloc1.o(.emb_text)
    CAN1_RX1_IRQHandler                      0x08000203   Thumb Code     0  startup_stm32f103x6.o(.text)
    CAN1_SCE_IRQHandler                      0x08000203   Thumb Code     0  startup_stm32f103x6.o(.text)
    DMA1_Channel1_IRQHandler                 0x08000203   Thumb Code     0  startup_stm32f103x6.o(.text)
    DMA1_Channel3_IRQHandler                 0x08000203   Thumb Code     0  startup_stm32f103x6.o(.text)
    DMA1_Channel4_IRQHandler                 0x08000203   Thumb Code     0  startup_stm32f103x6.o(.text)
    DMA1_Channel5_IRQHandler                 0x08000203   Thumb Code     0  startup_stm32f103x6.o(.text)
    DMA1_Channel6_IRQHandler                 0x08000203   Thumb Code     0  startup_stm32f103x6.o(.text)
    DMA1_Channel7_IRQHandler                 0x08000203   Thumb Code     0  startup_stm32f103x6.o(.text)
    EXTI0_IRQHandler                         0x08000203   Thumb Code     0  startup_stm32f103x6.o(.text)
    EXTI15_10_IRQHandler                     0x08000203   Thumb Code     0  startup_stm32f103x6.o(.text)
    EXTI1_IRQHandler                         0x08000203   Thumb Code     0  startup_stm32f103x6.o(.text)
    EXTI3_IRQHandler                         0x08000203   Thumb Code     0  startup_stm32f103x6.o(.text)
    EXTI4_IRQHandler                         0x08000203   Thumb Code     0  startup_stm32f103x6.o(.text)
    EXTI9_5_IRQHandler                       0x08000203   Thumb Code     0  startup_stm32f103x6.o(.text)
    FLASH_IRQHandler                         0x08000203   Thumb Code     0  startup_stm32f103x6.o(.text)
    I2C1_ER_IRQHandler                       0x08000203   Thumb Code     0  startup_stm32f103x6.o(.text)
    I2C1_EV_IRQHandler                       0x08000203   Thumb Code     0  startup_stm32f103x6.o(.text)
    PVD_IRQHandler                           0x08000203   Thumb Code     0  startup_stm32f103x6.o(.text)
    RCC_IRQHandler                           0x08000203   Thumb Code     0  startup_stm32f103x6.o(.text)
    RTC_Alarm_IRQHandler                     0x08000203   Thumb Code     0  startup_stm32f103x6.o(.text)
    RTC_IRQHandler                           0x08000203   Thumb Code     0  startup_stm32f103x6.o(.text)
    SPI1_IRQHandler                          0x08000203   Thumb Code     0  startup_stm32f103x6.o(.text)
    TAMPER_IRQHandler                        0x08000203   Thumb Code     0  startup_stm32f103x6.o(.text)
    TIM1_BRK_IRQHandler                      0x08000203   Thumb Code     0  startup_stm32f103x6.o(.text)
    TIM1_CC_IRQHandler                       0x08000203   Thumb Code     0  startup_stm32f103x6.o(.text)
    TIM1_TRG_COM_IRQHandler                  0x08000203   Thumb Code     0  startup_stm32f103x6.o(.text)
    TIM1_UP_IRQHandler                       0x08000203   Thumb Code     0  startup_stm32f103x6.o(.text)
    USART1_IRQHandler                        0x08000203   Thumb Code     0  startup_stm32f103x6.o(.text)
    USART2_IRQHandler                        0x08000203   Thumb Code     0  startup_stm32f103x6.o(.text)
    USBWakeUp_IRQHandler                     0x08000203   Thumb Code     0  startup_stm32f103x6.o(.text)
    USB_HP_CAN1_TX_IRQHandler                0x08000203   Thumb Code     0  startup_stm32f103x6.o(.text)
    USB_LP_CAN1_RX0_IRQHandler               0x08000203   Thumb Code     0  startup_stm32f103x6.o(.text)
    WWDG_IRQHandler                          0x08000203   Thumb Code     0  startup_stm32f103x6.o(.text)
    __user_initial_stackheap                 0x08000205   Thumb Code     0  startup_stm32f103x6.o(.text)
    malloc                                   0x08000229   Thumb Code    94  h1_alloc.o(.text)
    free                                     0x08000287   Thumb Code    78  h1_free.o(.text)
    realloc                                  0x080002d5   Thumb Code   184  h1_realloc.o(.text)
    __2sprintf                               0x0800038d   Thumb Code    38  __2sprintf.o(.text)
    _printf_int_dec                          0x080003b9   Thumb Code   104  _printf_dec.o(.text)
    __printf                                 0x08000431   Thumb Code   270  __printf_wp.o(.text)
    srand                                    0x08000541   Thumb Code    42  rand.o(.text)
    _rand_init                               0x0800056b   Thumb Code     4  rand.o(.text)
    strlen                                   0x0800057d   Thumb Code    62  strlen.o(.text)
    __aeabi_memclr4                          0x080005bb   Thumb Code     0  rt_memclr_w.o(.text)
    __aeabi_memclr8                          0x080005bb   Thumb Code     0  rt_memclr_w.o(.text)
    __rt_memclr_w                            0x080005bb   Thumb Code    78  rt_memclr_w.o(.text)
    _memset_w                                0x080005bf   Thumb Code     0  rt_memclr_w.o(.text)
    __use_two_region_memory                  0x08000609   Thumb Code     2  heapauxi.o(.text)
    __rt_heap_escrow                         0x0800060b   Thumb Code     2  heapauxi.o(.text)
    __rt_heap_expand                         0x0800060d   Thumb Code     2  heapauxi.o(.text)
    __rt_heap_descriptor                     0x08000611   Thumb Code     8  rt_heap_descriptor_intlibspace.o(.text)
    __use_no_heap                            0x08000619   Thumb Code     2  hguard.o(.text)
    __heap$guard                             0x0800061b   Thumb Code     2  hguard.o(.text)
    _terminate_user_alloc                    0x0800061d   Thumb Code     2  init_alloc.o(.text)
    _init_user_alloc                         0x0800061f   Thumb Code     2  init_alloc.o(.text)
    __Heap_Full                              0x08000621   Thumb Code    34  init_alloc.o(.text)
    __Heap_Broken                            0x08000643   Thumb Code     6  init_alloc.o(.text)
    _init_alloc                              0x08000649   Thumb Code    94  init_alloc.o(.text)
    __Heap_Initialize                        0x080006a7   Thumb Code    10  h1_init.o(.text)
    __Heap_DescSize                          0x080006b1   Thumb Code     4  h1_init.o(.text)
    _printf_int_common                       0x080006b5   Thumb Code   178  _printf_intcommon.o(.text)
    __lib_sel_fp_printf                      0x08000767   Thumb Code     2  _printf_fp_dec.o(.text)
    _printf_fp_dec_real                      0x08000919   Thumb Code   620  _printf_fp_dec.o(.text)
    _printf_char_common                      0x08000b8f   Thumb Code    32  _printf_char_common.o(.text)
    _sputc                                   0x08000bb5   Thumb Code    10  _sputc.o(.text)
    __aeabi_memcpy4                          0x08000bbf   Thumb Code     0  rt_memcpy_w.o(.text)
    __aeabi_memcpy8                          0x08000bbf   Thumb Code     0  rt_memcpy_w.o(.text)
    __rt_memcpy_w                            0x08000bbf   Thumb Code   100  rt_memcpy_w.o(.text)
    _memcpy_lastbytes_aligned                0x08000c07   Thumb Code     0  rt_memcpy_w.o(.text)
    __user_libspace                          0x08000c25   Thumb Code     8  libspace.o(.text)
    __user_perproc_libspace                  0x08000c25   Thumb Code     0  libspace.o(.text)
    __user_perthread_libspace                0x08000c25   Thumb Code     0  libspace.o(.text)
    __rt_locale                              0x08000c2d   Thumb Code     8  rt_locale_intlibspace.o(.text)
    __Heap_ProvideMemory                     0x08000c35   Thumb Code    52  h1_extend.o(.text)
    _ll_udiv10                               0x08000c69   Thumb Code   138  lludiv10.o(.text)
    _printf_fp_infnan                        0x08000cf5   Thumb Code   112  _printf_fp_infnan.o(.text)
    _btod_etento                             0x08000d75   Thumb Code   224  bigflt0.o(.text)
    __rt_SIGRTMEM                            0x08000e59   Thumb Code    14  defsig_rtmem_outer.o(.text)
    __I$use$semihosting                      0x08000e67   Thumb Code     0  use_no_semi.o(.text)
    __use_no_semihosting_swi                 0x08000e67   Thumb Code     2  use_no_semi.o(.text)
    __semihosting_library_function           0x08000e69   Thumb Code     0  indicate_semi.o(.text)
    __user_setup_stackheap                   0x08000e69   Thumb Code    74  sys_stackheap_outer.o(.text)
    exit                                     0x08000eb3   Thumb Code    18  exit.o(.text)
    __sig_exit                               0x08000ec5   Thumb Code    10  defsig_exit.o(.text)
    __rt_SIGRTMEM_inner                      0x08000ed1   Thumb Code    22  defsig_rtmem_inner.o(.text)
    strcmp                                   0x08000f21   Thumb Code   128  strcmpv7m.o(.text)
    _sys_exit                                0x08000fa1   Thumb Code     8  sys_exit.o(.text)
    __default_signal_display                 0x08000fad   Thumb Code    50  defsig_general.o(.text)
    _ttywrch                                 0x08000fdf   Thumb Code    14  sys_wrch.o(.text)
    _btod_d2e                                0x08000fed   Thumb Code    62  btod.o(CL$$btod_d2e)
    _d2e_denorm_low                          0x0800102b   Thumb Code    70  btod.o(CL$$btod_d2e_denorm_low)
    _d2e_norm_op1                            0x08001071   Thumb Code    96  btod.o(CL$$btod_d2e_norm_op1)
    __btod_div_common                        0x080010d1   Thumb Code   696  btod.o(CL$$btod_div_common)
    _e2e                                     0x08001409   Thumb Code   220  btod.o(CL$$btod_e2e)
    _btod_ediv                               0x080014e5   Thumb Code    42  btod.o(CL$$btod_ediv)
    _btod_emul                               0x0800150f   Thumb Code    42  btod.o(CL$$btod_emul)
    __btod_mult_common                       0x08001539   Thumb Code   580  btod.o(CL$$btod_mult_common)
    ADC1_2_IRQHandler                        0x0800177d   Thumb Code    10  stm32f1xx_it.o(i.ADC1_2_IRQHandler)
    ADC_ConversionStop_Disable               0x0800178d   Thumb Code    92  stm32f1xx_hal_adc.o(i.ADC_ConversionStop_Disable)
    ADC_Enable                               0x080017e9   Thumb Code   134  stm32f1xx_hal_adc.o(i.ADC_Enable)
    BusFault_Handler                         0x08001879   Thumb Code     4  stm32f1xx_it.o(i.BusFault_Handler)
    DMA1_Channel2_IRQHandler                 0x0800187d   Thumb Code    10  stm32f1xx_it.o(i.DMA1_Channel2_IRQHandler)
    DebugMon_Handler                         0x0800188d   Thumb Code     2  stm32f1xx_it.o(i.DebugMon_Handler)
    Delay                                    0x08001891   Thumb Code    22  main.o(i.Delay)
    EXTI2_IRQHandler                         0x080018ad   Thumb Code    10  stm32f1xx_it.o(i.EXTI2_IRQHandler)
    Error_Handler                            0x080018b9   Thumb Code    34  main.o(i.Error_Handler)
    HAL_ADCEx_InjectedConvCpltCallback       0x080018e5   Thumb Code     2  stm32f1xx_hal_adc_ex.o(i.HAL_ADCEx_InjectedConvCpltCallback)
    HAL_ADC_ConfigChannel                    0x080018e9   Thumb Code   338  stm32f1xx_hal_adc.o(i.HAL_ADC_ConfigChannel)
    HAL_ADC_ConvCpltCallback                 0x08001a49   Thumb Code   226  main.o(i.HAL_ADC_ConvCpltCallback)
    HAL_ADC_GetValue                         0x08001b81   Thumb Code     8  stm32f1xx_hal_adc.o(i.HAL_ADC_GetValue)
    HAL_ADC_IRQHandler                       0x08001b89   Thumb Code   290  stm32f1xx_hal_adc.o(i.HAL_ADC_IRQHandler)
    HAL_ADC_Init                             0x08001cad   Thumb Code   314  stm32f1xx_hal_adc.o(i.HAL_ADC_Init)
    HAL_ADC_LevelOutOfWindowCallback         0x08001df1   Thumb Code     2  stm32f1xx_hal_adc.o(i.HAL_ADC_LevelOutOfWindowCallback)
    HAL_ADC_MspInit                          0x08001df5   Thumb Code   114  stm32f1xx_hal_msp.o(i.HAL_ADC_MspInit)
    HAL_ADC_Start_IT                         0x08001e75   Thumb Code   306  stm32f1xx_hal_adc.o(i.HAL_ADC_Start_IT)
    HAL_DMA_IRQHandler                       0x08001fb1   Thumb Code   408  stm32f1xx_hal_dma.o(i.HAL_DMA_IRQHandler)
    HAL_DMA_Init                             0x0800214d   Thumb Code   100  stm32f1xx_hal_dma.o(i.HAL_DMA_Init)
    HAL_GPIO_EXTI_Callback                   0x080021b5   Thumb Code    40  main.o(i.HAL_GPIO_EXTI_Callback)
    HAL_GPIO_EXTI_IRQHandler                 0x080021e5   Thumb Code    24  stm32f1xx_hal_gpio.o(i.HAL_GPIO_EXTI_IRQHandler)
    HAL_GPIO_Init                            0x08002201   Thumb Code   750  stm32f1xx_hal_gpio.o(i.HAL_GPIO_Init)
    HAL_GPIO_TogglePin                       0x0800250d   Thumb Code    20  stm32f1xx_hal_gpio.o(i.HAL_GPIO_TogglePin)
    HAL_GPIO_WritePin                        0x08002521   Thumb Code    12  stm32f1xx_hal_gpio.o(i.HAL_GPIO_WritePin)
    HAL_GetTick                              0x0800252d   Thumb Code     6  stm32f1xx_hal.o(i.HAL_GetTick)
    HAL_IncTick                              0x08002539   Thumb Code    16  stm32f1xx_hal.o(i.HAL_IncTick)
    HAL_Init                                 0x08002551   Thumb Code    34  stm32f1xx_hal.o(i.HAL_Init)
    HAL_InitTick                             0x08002579   Thumb Code    64  stm32f1xx_hal.o(i.HAL_InitTick)
    HAL_MspInit                              0x080025c5   Thumb Code    76  stm32f1xx_hal_msp.o(i.HAL_MspInit)
    HAL_NVIC_EnableIRQ                       0x08002619   Thumb Code    32  stm32f1xx_hal_cortex.o(i.HAL_NVIC_EnableIRQ)
    HAL_NVIC_SetPriority                     0x08002639   Thumb Code   124  stm32f1xx_hal_cortex.o(i.HAL_NVIC_SetPriority)
    HAL_NVIC_SetPriorityGrouping             0x080026b5   Thumb Code    32  stm32f1xx_hal_cortex.o(i.HAL_NVIC_SetPriorityGrouping)
    HAL_RCCEx_PeriphCLKConfig                0x080026dd   Thumb Code   290  stm32f1xx_hal_rcc_ex.o(i.HAL_RCCEx_PeriphCLKConfig)
    HAL_RCC_ClockConfig                      0x0800280d   Thumb Code   376  stm32f1xx_hal_rcc.o(i.HAL_RCC_ClockConfig)
    HAL_RCC_GetHCLKFreq                      0x08002999   Thumb Code     6  stm32f1xx_hal_rcc.o(i.HAL_RCC_GetHCLKFreq)
    HAL_RCC_GetPCLK1Freq                     0x080029a5   Thumb Code    22  stm32f1xx_hal_rcc.o(i.HAL_RCC_GetPCLK1Freq)
    HAL_RCC_GetPCLK2Freq                     0x080029c5   Thumb Code    22  stm32f1xx_hal_rcc.o(i.HAL_RCC_GetPCLK2Freq)
    HAL_RCC_GetSysClockFreq                  0x080029e5   Thumb Code   116  stm32f1xx_hal_rcc.o(i.HAL_RCC_GetSysClockFreq)
    HAL_RCC_OscConfig                        0x08002a79   Thumb Code  1114  stm32f1xx_hal_rcc.o(i.HAL_RCC_OscConfig)
    HAL_SPI_Init                             0x08002edd   Thumb Code   190  stm32f1xx_hal_spi.o(i.HAL_SPI_Init)
    HAL_SPI_MspInit                          0x08002f9d   Thumb Code   174  stm32f1xx_hal_msp.o(i.HAL_SPI_MspInit)
    HAL_SPI_Receive                          0x08003061   Thumb Code   368  stm32f1xx_hal_spi.o(i.HAL_SPI_Receive)
    HAL_SPI_TransmitReceive                  0x080031d1   Thumb Code   554  stm32f1xx_hal_spi.o(i.HAL_SPI_TransmitReceive)
    HAL_SYSTICK_Config                       0x080033fb   Thumb Code    52  stm32f1xx_hal_cortex.o(i.HAL_SYSTICK_Config)
    HAL_TIMEx_BreakCallback                  0x0800342f   Thumb Code     2  stm32f1xx_hal_tim_ex.o(i.HAL_TIMEx_BreakCallback)
    HAL_TIMEx_CommutCallback                 0x08003431   Thumb Code     2  stm32f1xx_hal_tim_ex.o(i.HAL_TIMEx_CommutCallback)
    HAL_TIMEx_ConfigBreakDeadTime            0x08003433   Thumb Code   116  stm32f1xx_hal_tim_ex.o(i.HAL_TIMEx_ConfigBreakDeadTime)
    HAL_TIMEx_MasterConfigSynchronization    0x080034a9   Thumb Code   110  stm32f1xx_hal_tim_ex.o(i.HAL_TIMEx_MasterConfigSynchronization)
    HAL_TIM_Base_Init                        0x08003521   Thumb Code   102  stm32f1xx_hal_tim.o(i.HAL_TIM_Base_Init)
    HAL_TIM_Base_MspInit                     0x08003589   Thumb Code    94  stm32f1xx_hal_msp.o(i.HAL_TIM_Base_MspInit)
    HAL_TIM_Base_Start_IT                    0x080035f5   Thumb Code    98  stm32f1xx_hal_tim.o(i.HAL_TIM_Base_Start_IT)
    HAL_TIM_ConfigClockSource                0x08003661   Thumb Code   264  stm32f1xx_hal_tim.o(i.HAL_TIM_ConfigClockSource)
    HAL_TIM_IC_CaptureCallback               0x08003769   Thumb Code   336  main.o(i.HAL_TIM_IC_CaptureCallback)
    HAL_TIM_IC_ConfigChannel                 0x080038e9   Thumb Code   212  stm32f1xx_hal_tim.o(i.HAL_TIM_IC_ConfigChannel)
    HAL_TIM_IC_Init                          0x080039bd   Thumb Code   102  stm32f1xx_hal_tim.o(i.HAL_TIM_IC_Init)
    HAL_TIM_IC_MspInit                       0x08003a25   Thumb Code   116  stm32f1xx_hal_msp.o(i.HAL_TIM_IC_MspInit)
    HAL_TIM_IC_Start_IT                      0x08003aa1   Thumb Code   324  stm32f1xx_hal_tim.o(i.HAL_TIM_IC_Start_IT)
    HAL_TIM_IRQHandler                       0x08003bed   Thumb Code   406  stm32f1xx_hal_tim.o(i.HAL_TIM_IRQHandler)
    HAL_TIM_MspPostInit                      0x08003d85   Thumb Code    76  stm32f1xx_hal_msp.o(i.HAL_TIM_MspPostInit)
    HAL_TIM_OC_ConfigChannel                 0x08003ddd   Thumb Code   104  stm32f1xx_hal_tim.o(i.HAL_TIM_OC_ConfigChannel)
    HAL_TIM_OC_DelayElapsedCallback          0x08003e45   Thumb Code     2  stm32f1xx_hal_tim.o(i.HAL_TIM_OC_DelayElapsedCallback)
    HAL_TIM_OC_Init                          0x08003e47   Thumb Code   102  stm32f1xx_hal_tim.o(i.HAL_TIM_OC_Init)
    HAL_TIM_OC_MspInit                       0x08003ead   Thumb Code     2  stm32f1xx_hal_tim.o(i.HAL_TIM_OC_MspInit)
    HAL_TIM_OC_Start                         0x08003eb1   Thumb Code   190  stm32f1xx_hal_tim.o(i.HAL_TIM_OC_Start)
    HAL_TIM_PWM_ConfigChannel                0x08003f79   Thumb Code   252  stm32f1xx_hal_tim.o(i.HAL_TIM_PWM_ConfigChannel)
    HAL_TIM_PWM_Init                         0x08004075   Thumb Code   102  stm32f1xx_hal_tim.o(i.HAL_TIM_PWM_Init)
    HAL_TIM_PWM_MspInit                      0x080040db   Thumb Code     2  stm32f1xx_hal_tim.o(i.HAL_TIM_PWM_MspInit)
    HAL_TIM_PWM_PulseFinishedCallback        0x080040dd   Thumb Code     2  stm32f1xx_hal_tim.o(i.HAL_TIM_PWM_PulseFinishedCallback)
    HAL_TIM_PWM_Start                        0x080040e1   Thumb Code   190  stm32f1xx_hal_tim.o(i.HAL_TIM_PWM_Start)
    HAL_TIM_PeriodElapsedCallback            0x080041a9   Thumb Code   158  main.o(i.HAL_TIM_PeriodElapsedCallback)
    HAL_TIM_ReadCapturedValue                0x08004295   Thumb Code    50  stm32f1xx_hal_tim.o(i.HAL_TIM_ReadCapturedValue)
    HAL_TIM_TriggerCallback                  0x080042c7   Thumb Code     2  stm32f1xx_hal_tim.o(i.HAL_TIM_TriggerCallback)
    HAL_UART_Init                            0x080042c9   Thumb Code   114  stm32f1xx_hal_uart.o(i.HAL_UART_Init)
    HAL_UART_MspInit                         0x0800433d   Thumb Code   138  stm32f1xx_hal_msp.o(i.HAL_UART_MspInit)
    HAL_UART_Transmit                        0x080043d9   Thumb Code   210  stm32f1xx_hal_uart.o(i.HAL_UART_Transmit)
    HCSR04_Read                              0x080044ad   Thumb Code    46  main.o(i.HCSR04_Read)
    HardFault_Handler                        0x080044e5   Thumb Code     4  stm32f1xx_it.o(i.HardFault_Handler)
    MemManage_Handler                        0x080048c5   Thumb Code     4  stm32f1xx_it.o(i.MemManage_Handler)
    MoveForward                              0x080048c9   Thumb Code    28  main.o(i.MoveForward)
    NMI_Handler                              0x080048f9   Thumb Code     4  stm32f1xx_it.o(i.NMI_Handler)
    PendSV_Handler                           0x080048fd   Thumb Code     2  stm32f1xx_it.o(i.PendSV_Handler)
    SVC_Handler                              0x08004aa1   Thumb Code     2  stm32f1xx_it.o(i.SVC_Handler)
    Stop                                     0x08004aa5   Thumb Code    30  main.o(i.Stop)
    SysTick_Handler                          0x08004ad1   Thumb Code     8  stm32f1xx_it.o(i.SysTick_Handler)
    SystemClock_Config                       0x08004ad9   Thumb Code   116  main.o(i.SystemClock_Config)
    SystemInit                               0x08004b4d   Thumb Code     2  system_stm32f1xx.o(i.SystemInit)
    TIM2_IRQHandler                          0x08004b51   Thumb Code    10  stm32f1xx_it.o(i.TIM2_IRQHandler)
    TIM3_IRQHandler                          0x08004b61   Thumb Code    10  stm32f1xx_it.o(i.TIM3_IRQHandler)
    TIM_Base_SetConfig                       0x08004b71   Thumb Code    92  stm32f1xx_hal_tim.o(i.TIM_Base_SetConfig)
    TIM_CCxChannelCmd                        0x08004bd5   Thumb Code    34  stm32f1xx_hal_tim.o(i.TIM_CCxChannelCmd)
    TIM_ETR_SetConfig                        0x08004bf7   Thumb Code    22  stm32f1xx_hal_tim.o(i.TIM_ETR_SetConfig)
    TIM_OC2_SetConfig                        0x08004c81   Thumb Code   100  stm32f1xx_hal_tim.o(i.TIM_OC2_SetConfig)
    TIM_TI1_SetConfig                        0x08004dc1   Thumb Code    84  stm32f1xx_hal_tim.o(i.TIM_TI1_SetConfig)
    TurnLeft                                 0x08004ef5   Thumb Code    34  main.o(i.TurnLeft)
    TurnRight                                0x08004f2d   Thumb Code    34  main.o(i.TurnRight)
    UsageFault_Handler                       0x080050cd   Thumb Code     4  stm32f1xx_it.o(i.UsageFault_Handler)
    __ARM_fpclassify                         0x080050d1   Thumb Code    40  fpclassify.o(i.__ARM_fpclassify)
    _is_digit                                0x08005131   Thumb Code    14  __printf_wp.o(i._is_digit)
    checkDeviceSurrounded                    0x0800513f   Thumb Code    34  algorithm.o(i.checkDeviceSurrounded)
    checkObstacleList                        0x08005161   Thumb Code   114  algorithm.o(i.checkObstacleList)
    checkTraceList                           0x080051d3   Thumb Code   114  algorithm.o(i.checkTraceList)
    createPosList                            0x08005245   Thumb Code   110  algorithm.o(i.createPosList)
    detectDirection                          0x080052b9   Thumb Code   148  algorithm.o(i.detectDirection)
    freeArray                                0x0800534d   Thumb Code    20  algorithm.o(i.freeArray)
    getInfoDistanceSensor                    0x08005361   Thumb Code    14  algorithm.o(i.getInfoDistanceSensor)
    initArray                                0x0800536f   Thumb Code    26  algorithm.o(i.initArray)
    initialize                               0x08005389   Thumb Code    50  algorithm.o(i.initialize)
    insertArray                              0x080053cd   Thumb Code    58  algorithm.o(i.insertArray)
    lcd_clear                                0x08005407   Thumb Code    12  lcd_txt.o(i.lcd_clear)
    lcd_init                                 0x08005415   Thumb Code   116  lcd_txt.o(i.lcd_init)
    lcd_puts                                 0x08005491   Thumb Code   102  lcd_txt.o(i.lcd_puts)
    lcd_write                                0x080054f9   Thumb Code   318  lcd_txt.o(i.lcd_write)
    main                                     0x08005641   Thumb Code   144  main.o(i.main)
    randomSelection                          0x080056e1   Thumb Code   148  algorithm.o(i.randomSelection)
    recursive                                0x08005779   Thumb Code   236  algorithm.o(i.recursive)
    _get_lc_numeric                          0x08005881   Thumb Code    44  lc_numeric_c.o(locale$$code)
    __aeabi_d2f                              0x080058ad   Thumb Code     0  d2f.o(x$fpl$d2f)
    _d2f                                     0x080058ad   Thumb Code    98  d2f.o(x$fpl$d2f)
    __aeabi_ddiv                             0x08005911   Thumb Code     0  ddiv.o(x$fpl$ddiv)
    _ddiv                                    0x08005911   Thumb Code   552  ddiv.o(x$fpl$ddiv)
    __aeabi_d2uiz                            0x08005bc1   Thumb Code     0  dfixu.o(x$fpl$dfixu)
    _dfixu                                   0x08005bc1   Thumb Code    90  dfixu.o(x$fpl$dfixu)
    __aeabi_i2d                              0x08005c1b   Thumb Code     0  dflt_clz.o(x$fpl$dflt)
    _dflt                                    0x08005c1b   Thumb Code    46  dflt_clz.o(x$fpl$dflt)
    __aeabi_ui2d                             0x08005c49   Thumb Code     0  dflt_clz.o(x$fpl$dfltu)
    _dfltu                                   0x08005c49   Thumb Code    38  dflt_clz.o(x$fpl$dfltu)
    __aeabi_dmul                             0x08005c71   Thumb Code     0  dmul.o(x$fpl$dmul)
    _dmul                                    0x08005c71   Thumb Code   332  dmul.o(x$fpl$dmul)
    __fpl_dnaninf                            0x08005dc5   Thumb Code   156  dnaninf.o(x$fpl$dnaninf)
    __fpl_dretinf                            0x08005e61   Thumb Code    12  dretinf.o(x$fpl$dretinf)
    __aeabi_f2d                              0x08005e6d   Thumb Code     0  f2d.o(x$fpl$f2d)
    _f2d                                     0x08005e6d   Thumb Code    86  f2d.o(x$fpl$f2d)
    __fpl_fnaninf                            0x08005ec3   Thumb Code   140  fnaninf.o(x$fpl$fnaninf)
    __fpl_fretinf                            0x08005f4f   Thumb Code    10  fretinf.o(x$fpl$fretinf)
    _printf_fp_dec                           0x08005f59   Thumb Code     4  printf1.o(x$fpl$printf1)
    AHBPrescTable                            0x08005f5c   Data          16  system_stm32f1xx.o(.constdata)
    __I$use$fp                               0x08005f5c   Number         0  usenofp.o(x$fpl$usenofp)
    APBPrescTable                            0x08005f6c   Data           8  system_stm32f1xx.o(.constdata)
    Region$$Table$$Base                      0x08006008   Number         0  anon$$obj.o(Region$$Table)
    Region$$Table$$Limit                     0x08006028   Number         0  anon$$obj.o(Region$$Table)
    start                                    0x20000000   Data           1  main.o(.data)
    ADCVal                                   0x20000004   Data           4  main.o(.data)
    IC_Val1                                  0x20000008   Data           4  main.o(.data)
    IC_Val2                                  0x2000000c   Data           4  main.o(.data)
    Difference                               0x20000010   Data           4  main.o(.data)
    Is_First_Captured                        0x20000014   Data           1  main.o(.data)
    Distance                                 0x20000015   Data           1  main.o(.data)
    night                                    0x20000018   Data           4  main.o(.data)
    direction                                0x20000020   Data           4  algorithm.o(.data)
    uwTick                                   0x20000024   Data           4  stm32f1xx_hal.o(.data)
    uwTickPrio                               0x20000028   Data           4  stm32f1xx_hal.o(.data)
    uwTickFreq                               0x2000002c   Data           1  stm32f1xx_hal.o(.data)
    SystemCoreClock                          0x20000030   Data           4  system_stm32f1xx.o(.data)
    hadc1                                    0x20000034   Data          48  main.o(.bss)
    hspi1                                    0x20000064   Data          88  main.o(.bss)
    hdma_spi1_rx                             0x200000bc   Data          68  main.o(.bss)
    htim1                                    0x20000100   Data          72  main.o(.bss)
    htim2                                    0x20000148   Data          72  main.o(.bss)
    htim3                                    0x20000190   Data          72  main.o(.bss)
    huart1                                   0x200001d8   Data          68  main.o(.bss)
    _random_number_data                      0x20000240   Data         228  rand.o(.bss)
    __libspace_start                         0x20000324   Data          96  libspace.o(.bss)
    __temporary_stack_top$libspace           0x20000384   Data           0  libspace.o(.bss)



==============================================================================

Memory Map of the image

  Image Entry point : 0x080000ed

  Load Region LR_IROM1 (Base: 0x08000000, Size: 0x00006078, Max: 0x00008000, ABSOLUTE)

    Execution Region ER_IROM1 (Exec base: 0x08000000, Load base: 0x08000000, Size: 0x00006044, Max: 0x00008000, ABSOLUTE)

    Exec Addr    Load Addr    Size         Type   Attr      Idx    E Section Name        Object

    0x08000000   0x08000000   0x000000ec   Data   RO            3    RESET               startup_stm32f103x6.o
    0x080000ec   0x080000ec   0x00000008   Code   RO         3771  * !!!main             c_w.l(__main.o)
    0x080000f4   0x080000f4   0x00000034   Code   RO         4061    !!!scatter          c_w.l(__scatter.o)
    0x08000128   0x08000128   0x0000001a   Code   RO         4063    !!handler_copy      c_w.l(__scatter_copy.o)
    0x08000142   0x08000142   0x00000002   PAD
    0x08000144   0x08000144   0x0000001c   Code   RO         4065    !!handler_zi        c_w.l(__scatter_zi.o)
    0x08000160   0x08000160   0x00000000   Code   RO         3759    .ARM.Collect$$_printf_percent$$00000000  c_w.l(_printf_percent.o)
    0x08000160   0x08000160   0x00000006   Code   RO         3758    .ARM.Collect$$_printf_percent$$00000003  c_w.l(_printf_f.o)
    0x08000166   0x08000166   0x00000006   Code   RO         3757    .ARM.Collect$$_printf_percent$$00000009  c_w.l(_printf_d.o)
    0x0800016c   0x0800016c   0x00000004   Code   RO         3831    .ARM.Collect$$_printf_percent$$00000017  c_w.l(_printf_percent_end.o)
    0x08000170   0x08000170   0x00000002   Code   RO         3998    .ARM.Collect$$libinit$$00000000  c_w.l(libinit.o)
    0x08000172   0x08000172   0x00000000   Code   RO         3837    .ARM.Collect$$libinit$$00000002  c_w.l(libinit2.o)
    0x08000172   0x08000172   0x00000000   Code   RO         3839    .ARM.Collect$$libinit$$00000004  c_w.l(libinit2.o)
    0x08000172   0x08000172   0x00000008   Code   RO         3840    .ARM.Collect$$libinit$$00000005  c_w.l(libinit2.o)
    0x0800017a   0x0800017a   0x00000000   Code   RO         3842    .ARM.Collect$$libinit$$0000000A  c_w.l(libinit2.o)
    0x0800017a   0x0800017a   0x00000000   Code   RO         3844    .ARM.Collect$$libinit$$0000000C  c_w.l(libinit2.o)
    0x0800017a   0x0800017a   0x00000004   Code   RO         3845    .ARM.Collect$$libinit$$0000000D  c_w.l(libinit2.o)
    0x0800017e   0x0800017e   0x00000000   Code   RO         3846    .ARM.Collect$$libinit$$0000000E  c_w.l(libinit2.o)
    0x0800017e   0x0800017e   0x00000006   Code   RO         3847    .ARM.Collect$$libinit$$0000000F  c_w.l(libinit2.o)
    0x08000184   0x08000184   0x00000000   Code   RO         3849    .ARM.Collect$$libinit$$00000011  c_w.l(libinit2.o)
    0x08000184   0x08000184   0x00000000   Code   RO         3851    .ARM.Collect$$libinit$$00000013  c_w.l(libinit2.o)
    0x08000184   0x08000184   0x00000000   Code   RO         3853    .ARM.Collect$$libinit$$00000015  c_w.l(libinit2.o)
    0x08000184   0x08000184   0x0000000a   Code   RO         3854    .ARM.Collect$$libinit$$00000016  c_w.l(libinit2.o)
    0x0800018e   0x0800018e   0x00000000   Code   RO         3855    .ARM.Collect$$libinit$$00000017  c_w.l(libinit2.o)
    0x0800018e   0x0800018e   0x00000000   Code   RO         3857    .ARM.Collect$$libinit$$00000019  c_w.l(libinit2.o)
    0x0800018e   0x0800018e   0x00000000   Code   RO         3859    .ARM.Collect$$libinit$$0000001B  c_w.l(libinit2.o)
    0x0800018e   0x0800018e   0x00000000   Code   RO         3861    .ARM.Collect$$libinit$$0000001D  c_w.l(libinit2.o)
    0x0800018e   0x0800018e   0x00000000   Code   RO         3863    .ARM.Collect$$libinit$$0000001F  c_w.l(libinit2.o)
    0x0800018e   0x0800018e   0x00000000   Code   RO         3865    .ARM.Collect$$libinit$$00000021  c_w.l(libinit2.o)
    0x0800018e   0x0800018e   0x00000000   Code   RO         3867    .ARM.Collect$$libinit$$00000023  c_w.l(libinit2.o)
    0x0800018e   0x0800018e   0x00000000   Code   RO         3869    .ARM.Collect$$libinit$$00000025  c_w.l(libinit2.o)
    0x0800018e   0x0800018e   0x00000000   Code   RO         3873    .ARM.Collect$$libinit$$0000002C  c_w.l(libinit2.o)
    0x0800018e   0x0800018e   0x00000000   Code   RO         3875    .ARM.Collect$$libinit$$0000002E  c_w.l(libinit2.o)
    0x0800018e   0x0800018e   0x00000000   Code   RO         3877    .ARM.Collect$$libinit$$00000030  c_w.l(libinit2.o)
    0x0800018e   0x0800018e   0x00000000   Code   RO         3879    .ARM.Collect$$libinit$$00000032  c_w.l(libinit2.o)
    0x0800018e   0x0800018e   0x00000002   Code   RO         3880    .ARM.Collect$$libinit$$00000033  c_w.l(libinit2.o)
    0x08000190   0x08000190   0x00000002   Code   RO         4058    .ARM.Collect$$libshutdown$$00000000  c_w.l(libshutdown.o)
    0x08000192   0x08000192   0x00000000   Code   RO         4012    .ARM.Collect$$libshutdown$$00000002  c_w.l(libshutdown2.o)
    0x08000192   0x08000192   0x00000000   Code   RO         4014    .ARM.Collect$$libshutdown$$00000004  c_w.l(libshutdown2.o)
    0x08000192   0x08000192   0x00000000   Code   RO         4016    .ARM.Collect$$libshutdown$$00000006  c_w.l(libshutdown2.o)
    0x08000192   0x08000192   0x00000000   Code   RO         4019    .ARM.Collect$$libshutdown$$00000009  c_w.l(libshutdown2.o)
    0x08000192   0x08000192   0x00000000   Code   RO         4022    .ARM.Collect$$libshutdown$$0000000C  c_w.l(libshutdown2.o)
    0x08000192   0x08000192   0x00000000   Code   RO         4024    .ARM.Collect$$libshutdown$$0000000E  c_w.l(libshutdown2.o)
    0x08000192   0x08000192   0x00000000   Code   RO         4027    .ARM.Collect$$libshutdown$$00000011  c_w.l(libshutdown2.o)
    0x08000192   0x08000192   0x00000002   Code   RO         4028    .ARM.Collect$$libshutdown$$00000012  c_w.l(libshutdown2.o)
    0x08000194   0x08000194   0x00000000   Code   RO         3797    .ARM.Collect$$rtentry$$00000000  c_w.l(__rtentry.o)
    0x08000194   0x08000194   0x00000000   Code   RO         3896    .ARM.Collect$$rtentry$$00000002  c_w.l(__rtentry2.o)
    0x08000194   0x08000194   0x00000006   Code   RO         3908    .ARM.Collect$$rtentry$$00000004  c_w.l(__rtentry4.o)
    0x0800019a   0x0800019a   0x00000000   Code   RO         3898    .ARM.Collect$$rtentry$$00000009  c_w.l(__rtentry2.o)
    0x0800019a   0x0800019a   0x00000004   Code   RO         3899    .ARM.Collect$$rtentry$$0000000A  c_w.l(__rtentry2.o)
    0x0800019e   0x0800019e   0x00000000   Code   RO         3901    .ARM.Collect$$rtentry$$0000000C  c_w.l(__rtentry2.o)
    0x0800019e   0x0800019e   0x00000008   Code   RO         3902    .ARM.Collect$$rtentry$$0000000D  c_w.l(__rtentry2.o)
    0x080001a6   0x080001a6   0x00000002   Code   RO         4001    .ARM.Collect$$rtexit$$00000000  c_w.l(rtexit.o)
    0x080001a8   0x080001a8   0x00000000   Code   RO         4032    .ARM.Collect$$rtexit$$00000002  c_w.l(rtexit2.o)
    0x080001a8   0x080001a8   0x00000004   Code   RO         4033    .ARM.Collect$$rtexit$$00000003  c_w.l(rtexit2.o)
    0x080001ac   0x080001ac   0x00000006   Code   RO         4034    .ARM.Collect$$rtexit$$00000004  c_w.l(rtexit2.o)
    0x080001b2   0x080001b2   0x00000002   PAD
    0x080001b4   0x080001b4   0x00000034   Code   RO         3760    .emb_text           c_w.l(rand.o)
    0x080001e8   0x080001e8   0x00000000   Code   RO         3917    .emb_text           c_w.l(maybetermalloc1.o)
    0x080001e8   0x080001e8   0x00000040   Code   RO            4    .text               startup_stm32f103x6.o
    0x08000228   0x08000228   0x0000005e   Code   RO         3665    .text               c_w.l(h1_alloc.o)
    0x08000286   0x08000286   0x0000004e   Code   RO         3667    .text               c_w.l(h1_free.o)
    0x080002d4   0x080002d4   0x000000b8   Code   RO         3669    .text               c_w.l(h1_realloc.o)
    0x0800038c   0x0800038c   0x0000002c   Code   RO         3729    .text               c_w.l(__2sprintf.o)
    0x080003b8   0x080003b8   0x00000078   Code   RO         3735    .text               c_w.l(_printf_dec.o)
    0x08000430   0x08000430   0x0000010e   Code   RO         3745    .text               c_w.l(__printf_wp.o)
    0x0800053e   0x0800053e   0x00000002   PAD
    0x08000540   0x08000540   0x0000003c   Code   RO         3761    .text               c_w.l(rand.o)
    0x0800057c   0x0800057c   0x0000003e   Code   RO         3765    .text               c_w.l(strlen.o)
    0x080005ba   0x080005ba   0x0000004e   Code   RO         3767    .text               c_w.l(rt_memclr_w.o)
    0x08000608   0x08000608   0x00000006   Code   RO         3769    .text               c_w.l(heapauxi.o)
    0x0800060e   0x0800060e   0x00000002   PAD
    0x08000610   0x08000610   0x00000008   Code   RO         3801    .text               c_w.l(rt_heap_descriptor_intlibspace.o)
    0x08000618   0x08000618   0x00000004   Code   RO         3803    .text               c_w.l(hguard.o)
    0x0800061c   0x0800061c   0x0000008a   Code   RO         3805    .text               c_w.l(init_alloc.o)
    0x080006a6   0x080006a6   0x0000000e   Code   RO         3809    .text               c_w.l(h1_init.o)
    0x080006b4   0x080006b4   0x000000b2   Code   RO         3823    .text               c_w.l(_printf_intcommon.o)
    0x08000766   0x08000766   0x0000041e   Code   RO         3825    .text               c_w.l(_printf_fp_dec.o)
    0x08000b84   0x08000b84   0x00000030   Code   RO         3827    .text               c_w.l(_printf_char_common.o)
    0x08000bb4   0x08000bb4   0x0000000a   Code   RO         3829    .text               c_w.l(_sputc.o)
    0x08000bbe   0x08000bbe   0x00000064   Code   RO         3832    .text               c_w.l(rt_memcpy_w.o)
    0x08000c22   0x08000c22   0x00000002   PAD
    0x08000c24   0x08000c24   0x00000008   Code   RO         3892    .text               c_w.l(libspace.o)
    0x08000c2c   0x08000c2c   0x00000008   Code   RO         3913    .text               c_w.l(rt_locale_intlibspace.o)
    0x08000c34   0x08000c34   0x00000034   Code   RO         3919    .text               c_w.l(h1_extend.o)
    0x08000c68   0x08000c68   0x0000008a   Code   RO         3923    .text               c_w.l(lludiv10.o)
    0x08000cf2   0x08000cf2   0x00000002   PAD
    0x08000cf4   0x08000cf4   0x00000080   Code   RO         3925    .text               c_w.l(_printf_fp_infnan.o)
    0x08000d74   0x08000d74   0x000000e4   Code   RO         3929    .text               c_w.l(bigflt0.o)
    0x08000e58   0x08000e58   0x0000000e   Code   RO         3957    .text               c_w.l(defsig_rtmem_outer.o)
    0x08000e66   0x08000e66   0x00000002   Code   RO         3972    .text               c_w.l(use_no_semi.o)
    0x08000e68   0x08000e68   0x00000000   Code   RO         3974    .text               c_w.l(indicate_semi.o)
    0x08000e68   0x08000e68   0x0000004a   Code   RO         3975    .text               c_w.l(sys_stackheap_outer.o)
    0x08000eb2   0x08000eb2   0x00000012   Code   RO         3981    .text               c_w.l(exit.o)
    0x08000ec4   0x08000ec4   0x0000000a   Code   RO         3983    .text               c_w.l(defsig_exit.o)
    0x08000ece   0x08000ece   0x00000002   PAD
    0x08000ed0   0x08000ed0   0x00000050   Code   RO         3985    .text               c_w.l(defsig_rtmem_inner.o)
    0x08000f20   0x08000f20   0x00000080   Code   RO         3987    .text               c_w.l(strcmpv7m.o)
    0x08000fa0   0x08000fa0   0x0000000c   Code   RO         3999    .text               c_w.l(sys_exit.o)
    0x08000fac   0x08000fac   0x00000032   Code   RO         4009    .text               c_w.l(defsig_general.o)
    0x08000fde   0x08000fde   0x0000000e   Code   RO         4029    .text               c_w.l(sys_wrch.o)
    0x08000fec   0x08000fec   0x0000003e   Code   RO         3932    CL$$btod_d2e        c_w.l(btod.o)
    0x0800102a   0x0800102a   0x00000046   Code   RO         3934    CL$$btod_d2e_denorm_low  c_w.l(btod.o)
    0x08001070   0x08001070   0x00000060   Code   RO         3933    CL$$btod_d2e_norm_op1  c_w.l(btod.o)
    0x080010d0   0x080010d0   0x00000338   Code   RO         3942    CL$$btod_div_common  c_w.l(btod.o)
    0x08001408   0x08001408   0x000000dc   Code   RO         3939    CL$$btod_e2e        c_w.l(btod.o)
    0x080014e4   0x080014e4   0x0000002a   Code   RO         3936    CL$$btod_ediv       c_w.l(btod.o)
    0x0800150e   0x0800150e   0x0000002a   Code   RO         3935    CL$$btod_emul       c_w.l(btod.o)
    0x08001538   0x08001538   0x00000244   Code   RO         3941    CL$$btod_mult_common  c_w.l(btod.o)
    0x0800177c   0x0800177c   0x00000010   Code   RO          325    i.ADC1_2_IRQHandler  stm32f1xx_it.o
    0x0800178c   0x0800178c   0x0000005c   Code   RO          668    i.ADC_ConversionStop_Disable  stm32f1xx_hal_adc.o
    0x080017e8   0x080017e8   0x00000090   Code   RO          672    i.ADC_Enable        stm32f1xx_hal_adc.o
    0x08001878   0x08001878   0x00000004   Code   RO          326    i.BusFault_Handler  stm32f1xx_it.o
    0x0800187c   0x0800187c   0x00000010   Code   RO          327    i.DMA1_Channel2_IRQHandler  stm32f1xx_it.o
    0x0800188c   0x0800188c   0x00000002   Code   RO          328    i.DebugMon_Handler  stm32f1xx_it.o
    0x0800188e   0x0800188e   0x00000002   PAD
    0x08001890   0x08001890   0x0000001c   Code   RO          152    i.Delay             main.o
    0x080018ac   0x080018ac   0x0000000a   Code   RO          329    i.EXTI2_IRQHandler  stm32f1xx_it.o
    0x080018b6   0x080018b6   0x00000002   PAD
    0x080018b8   0x080018b8   0x0000002c   Code   RO          153    i.Error_Handler     main.o
    0x080018e4   0x080018e4   0x00000002   Code   RO          850    i.HAL_ADCEx_InjectedConvCpltCallback  stm32f1xx_hal_adc_ex.o
    0x080018e6   0x080018e6   0x00000002   PAD
    0x080018e8   0x080018e8   0x00000160   Code   RO          674    i.HAL_ADC_ConfigChannel  stm32f1xx_hal_adc.o
    0x08001a48   0x08001a48   0x00000138   Code   RO          154    i.HAL_ADC_ConvCpltCallback  main.o
    0x08001b80   0x08001b80   0x00000008   Code   RO          681    i.HAL_ADC_GetValue  stm32f1xx_hal_adc.o
    0x08001b88   0x08001b88   0x00000122   Code   RO          682    i.HAL_ADC_IRQHandler  stm32f1xx_hal_adc.o
    0x08001caa   0x08001caa   0x00000002   PAD
    0x08001cac   0x08001cac   0x00000144   Code   RO          683    i.HAL_ADC_Init      stm32f1xx_hal_adc.o
    0x08001df0   0x08001df0   0x00000002   Code   RO          684    i.HAL_ADC_LevelOutOfWindowCallback  stm32f1xx_hal_adc.o
    0x08001df2   0x08001df2   0x00000002   PAD
    0x08001df4   0x08001df4   0x00000080   Code   RO          432    i.HAL_ADC_MspInit   stm32f1xx_hal_msp.o
    0x08001e74   0x08001e74   0x0000013c   Code   RO          691    i.HAL_ADC_Start_IT  stm32f1xx_hal_adc.o
    0x08001fb0   0x08001fb0   0x0000019c   Code   RO         1333    i.HAL_DMA_IRQHandler  stm32f1xx_hal_dma.o
    0x0800214c   0x0800214c   0x00000068   Code   RO         1334    i.HAL_DMA_Init      stm32f1xx_hal_dma.o
    0x080021b4   0x080021b4   0x00000030   Code   RO          156    i.HAL_GPIO_EXTI_Callback  main.o
    0x080021e4   0x080021e4   0x0000001c   Code   RO         1263    i.HAL_GPIO_EXTI_IRQHandler  stm32f1xx_hal_gpio.o
    0x08002200   0x08002200   0x0000030c   Code   RO         1264    i.HAL_GPIO_Init     stm32f1xx_hal_gpio.o
    0x0800250c   0x0800250c   0x00000014   Code   RO         1267    i.HAL_GPIO_TogglePin  stm32f1xx_hal_gpio.o
    0x08002520   0x08002520   0x0000000c   Code   RO         1268    i.HAL_GPIO_WritePin  stm32f1xx_hal_gpio.o
    0x0800252c   0x0800252c   0x0000000c   Code   RO          955    i.HAL_GetTick       stm32f1xx_hal.o
    0x08002538   0x08002538   0x00000018   Code   RO          961    i.HAL_IncTick       stm32f1xx_hal.o
    0x08002550   0x08002550   0x00000028   Code   RO          962    i.HAL_Init          stm32f1xx_hal.o
    0x08002578   0x08002578   0x0000004c   Code   RO          963    i.HAL_InitTick      stm32f1xx_hal.o
    0x080025c4   0x080025c4   0x00000054   Code   RO          433    i.HAL_MspInit       stm32f1xx_hal_msp.o
    0x08002618   0x08002618   0x00000020   Code   RO         1424    i.HAL_NVIC_EnableIRQ  stm32f1xx_hal_cortex.o
    0x08002638   0x08002638   0x0000007c   Code   RO         1430    i.HAL_NVIC_SetPriority  stm32f1xx_hal_cortex.o
    0x080026b4   0x080026b4   0x00000028   Code   RO         1431    i.HAL_NVIC_SetPriorityGrouping  stm32f1xx_hal_cortex.o
    0x080026dc   0x080026dc   0x00000130   Code   RO         1227    i.HAL_RCCEx_PeriphCLKConfig  stm32f1xx_hal_rcc_ex.o
    0x0800280c   0x0800280c   0x0000018c   Code   RO         1119    i.HAL_RCC_ClockConfig  stm32f1xx_hal_rcc.o
    0x08002998   0x08002998   0x0000000c   Code   RO         1124    i.HAL_RCC_GetHCLKFreq  stm32f1xx_hal_rcc.o
    0x080029a4   0x080029a4   0x00000020   Code   RO         1126    i.HAL_RCC_GetPCLK1Freq  stm32f1xx_hal_rcc.o
    0x080029c4   0x080029c4   0x00000020   Code   RO         1127    i.HAL_RCC_GetPCLK2Freq  stm32f1xx_hal_rcc.o
    0x080029e4   0x080029e4   0x00000094   Code   RO         1128    i.HAL_RCC_GetSysClockFreq  stm32f1xx_hal_rcc.o
    0x08002a78   0x08002a78   0x00000464   Code   RO         1131    i.HAL_RCC_OscConfig  stm32f1xx_hal_rcc.o
    0x08002edc   0x08002edc   0x000000be   Code   RO         1961    i.HAL_SPI_Init      stm32f1xx_hal_spi.o
    0x08002f9a   0x08002f9a   0x00000002   PAD
    0x08002f9c   0x08002f9c   0x000000c4   Code   RO          435    i.HAL_SPI_MspInit   stm32f1xx_hal_msp.o
    0x08003060   0x08003060   0x00000170   Code   RO         1964    i.HAL_SPI_Receive   stm32f1xx_hal_spi.o
    0x080031d0   0x080031d0   0x0000022a   Code   RO         1970    i.HAL_SPI_TransmitReceive  stm32f1xx_hal_spi.o
    0x080033fa   0x080033fa   0x00000034   Code   RO         1435    i.HAL_SYSTICK_Config  stm32f1xx_hal_cortex.o
    0x0800342e   0x0800342e   0x00000002   Code   RO         2989    i.HAL_TIMEx_BreakCallback  stm32f1xx_hal_tim_ex.o
    0x08003430   0x08003430   0x00000002   Code   RO         2990    i.HAL_TIMEx_CommutCallback  stm32f1xx_hal_tim_ex.o
    0x08003432   0x08003432   0x00000074   Code   RO         2992    i.HAL_TIMEx_ConfigBreakDeadTime  stm32f1xx_hal_tim_ex.o
    0x080034a6   0x080034a6   0x00000002   PAD
    0x080034a8   0x080034a8   0x00000078   Code   RO         3008    i.HAL_TIMEx_MasterConfigSynchronization  stm32f1xx_hal_tim_ex.o
    0x08003520   0x08003520   0x00000066   Code   RO         2274    i.HAL_TIM_Base_Init  stm32f1xx_hal_tim.o
    0x08003586   0x08003586   0x00000002   PAD
    0x08003588   0x08003588   0x0000006c   Code   RO          437    i.HAL_TIM_Base_MspInit  stm32f1xx_hal_msp.o
    0x080035f4   0x080035f4   0x0000006c   Code   RO         2279    i.HAL_TIM_Base_Start_IT  stm32f1xx_hal_tim.o
    0x08003660   0x08003660   0x00000108   Code   RO         2283    i.HAL_TIM_ConfigClockSource  stm32f1xx_hal_tim.o
    0x08003768   0x08003768   0x00000180   Code   RO          157    i.HAL_TIM_IC_CaptureCallback  main.o
    0x080038e8   0x080038e8   0x000000d4   Code   RO         2310    i.HAL_TIM_IC_ConfigChannel  stm32f1xx_hal_tim.o
    0x080039bc   0x080039bc   0x00000066   Code   RO         2313    i.HAL_TIM_IC_Init   stm32f1xx_hal_tim.o
    0x08003a22   0x08003a22   0x00000002   PAD
    0x08003a24   0x08003a24   0x0000007c   Code   RO          439    i.HAL_TIM_IC_MspInit  stm32f1xx_hal_msp.o
    0x08003aa0   0x08003aa0   0x0000014c   Code   RO         2318    i.HAL_TIM_IC_Start_IT  stm32f1xx_hal_tim.o
    0x08003bec   0x08003bec   0x00000196   Code   RO         2322    i.HAL_TIM_IRQHandler  stm32f1xx_hal_tim.o
    0x08003d82   0x08003d82   0x00000002   PAD
    0x08003d84   0x08003d84   0x00000058   Code   RO          440    i.HAL_TIM_MspPostInit  stm32f1xx_hal_msp.o
    0x08003ddc   0x08003ddc   0x00000068   Code   RO         2323    i.HAL_TIM_OC_ConfigChannel  stm32f1xx_hal_tim.o
    0x08003e44   0x08003e44   0x00000002   Code   RO         2325    i.HAL_TIM_OC_DelayElapsedCallback  stm32f1xx_hal_tim.o
    0x08003e46   0x08003e46   0x00000066   Code   RO         2327    i.HAL_TIM_OC_Init   stm32f1xx_hal_tim.o
    0x08003eac   0x08003eac   0x00000002   Code   RO         2329    i.HAL_TIM_OC_MspInit  stm32f1xx_hal_tim.o
    0x08003eae   0x08003eae   0x00000002   PAD
    0x08003eb0   0x08003eb0   0x000000c8   Code   RO         2330    i.HAL_TIM_OC_Start  stm32f1xx_hal_tim.o
    0x08003f78   0x08003f78   0x000000fc   Code   RO         2346    i.HAL_TIM_PWM_ConfigChannel  stm32f1xx_hal_tim.o
    0x08004074   0x08004074   0x00000066   Code   RO         2349    i.HAL_TIM_PWM_Init  stm32f1xx_hal_tim.o
    0x080040da   0x080040da   0x00000002   Code   RO         2351    i.HAL_TIM_PWM_MspInit  stm32f1xx_hal_tim.o
    0x080040dc   0x080040dc   0x00000002   Code   RO         2352    i.HAL_TIM_PWM_PulseFinishedCallback  stm32f1xx_hal_tim.o
    0x080040de   0x080040de   0x00000002   PAD
    0x080040e0   0x080040e0   0x000000c8   Code   RO         2354    i.HAL_TIM_PWM_Start  stm32f1xx_hal_tim.o
    0x080041a8   0x080041a8   0x000000ec   Code   RO          158    i.HAL_TIM_PeriodElapsedCallback  main.o
    0x08004294   0x08004294   0x00000032   Code   RO         2362    i.HAL_TIM_ReadCapturedValue  stm32f1xx_hal_tim.o
    0x080042c6   0x080042c6   0x00000002   Code   RO         2365    i.HAL_TIM_TriggerCallback  stm32f1xx_hal_tim.o
    0x080042c8   0x080042c8   0x00000072   Code   RO         3285    i.HAL_UART_Init     stm32f1xx_hal_uart.o
    0x0800433a   0x0800433a   0x00000002   PAD
    0x0800433c   0x0800433c   0x0000009c   Code   RO          442    i.HAL_UART_MspInit  stm32f1xx_hal_msp.o
    0x080043d8   0x080043d8   0x000000d2   Code   RO         3293    i.HAL_UART_Transmit  stm32f1xx_hal_uart.o
    0x080044aa   0x080044aa   0x00000002   PAD
    0x080044ac   0x080044ac   0x00000038   Code   RO          159    i.HCSR04_Read       main.o
    0x080044e4   0x080044e4   0x00000004   Code   RO          330    i.HardFault_Handler  stm32f1xx_it.o
    0x080044e8   0x080044e8   0x0000005c   Code   RO          160    i.MX_ADC1_Init      main.o
    0x08004544   0x08004544   0x00000034   Code   RO          161    i.MX_DMA_Init       main.o
    0x08004578   0x08004578   0x000000e4   Code   RO          162    i.MX_GPIO_Init      main.o
    0x0800465c   0x0800465c   0x00000044   Code   RO          163    i.MX_SPI1_Init      main.o
    0x080046a0   0x080046a0   0x00000108   Code   RO          164    i.MX_TIM1_Init      main.o
    0x080047a8   0x080047a8   0x00000074   Code   RO          165    i.MX_TIM2_Init      main.o
    0x0800481c   0x0800481c   0x00000070   Code   RO          166    i.MX_TIM3_Init      main.o
    0x0800488c   0x0800488c   0x00000038   Code   RO          167    i.MX_USART1_UART_Init  main.o
    0x080048c4   0x080048c4   0x00000004   Code   RO          331    i.MemManage_Handler  stm32f1xx_it.o
    0x080048c8   0x080048c8   0x00000030   Code   RO          168    i.MoveForward       main.o
    0x080048f8   0x080048f8   0x00000004   Code   RO          332    i.NMI_Handler       stm32f1xx_it.o
    0x080048fc   0x080048fc   0x00000002   Code   RO          333    i.PendSV_Handler    stm32f1xx_it.o
    0x080048fe   0x080048fe   0x00000002   PAD
    0x08004900   0x08004900   0x00000028   Code   RO         1132    i.RCC_Delay         stm32f1xx_hal_rcc.o
    0x08004928   0x08004928   0x00000078   Code   RO         1998    i.SPI_EndRxTransaction  stm32f1xx_hal_spi.o
    0x080049a0   0x080049a0   0x00000028   Code   RO         1999    i.SPI_EndRxTxTransaction  stm32f1xx_hal_spi.o
    0x080049c8   0x080049c8   0x000000d8   Code   RO         2004    i.SPI_WaitFlagStateUntilTimeout  stm32f1xx_hal_spi.o
    0x08004aa0   0x08004aa0   0x00000002   Code   RO          334    i.SVC_Handler       stm32f1xx_it.o
    0x08004aa2   0x08004aa2   0x00000002   PAD
    0x08004aa4   0x08004aa4   0x0000002c   Code   RO          169    i.Stop              main.o
    0x08004ad0   0x08004ad0   0x00000008   Code   RO          335    i.SysTick_Handler   stm32f1xx_it.o
    0x08004ad8   0x08004ad8   0x00000074   Code   RO          170    i.SystemClock_Config  main.o
    0x08004b4c   0x08004b4c   0x00000002   Code   RO         3624    i.SystemInit        system_stm32f1xx.o
    0x08004b4e   0x08004b4e   0x00000002   PAD
    0x08004b50   0x08004b50   0x00000010   Code   RO          336    i.TIM2_IRQHandler   stm32f1xx_it.o
    0x08004b60   0x08004b60   0x00000010   Code   RO          337    i.TIM3_IRQHandler   stm32f1xx_it.o
    0x08004b70   0x08004b70   0x00000064   Code   RO         2367    i.TIM_Base_SetConfig  stm32f1xx_hal_tim.o
    0x08004bd4   0x08004bd4   0x00000022   Code   RO         2368    i.TIM_CCxChannelCmd  stm32f1xx_hal_tim.o
    0x08004bf6   0x08004bf6   0x00000016   Code   RO         2378    i.TIM_ETR_SetConfig  stm32f1xx_hal_tim.o
    0x08004c0c   0x08004c0c   0x00000012   Code   RO         2379    i.TIM_ITRx_SetConfig  stm32f1xx_hal_tim.o
    0x08004c1e   0x08004c1e   0x00000002   PAD
    0x08004c20   0x08004c20   0x00000060   Code   RO         2380    i.TIM_OC1_SetConfig  stm32f1xx_hal_tim.o
    0x08004c80   0x08004c80   0x00000068   Code   RO         2381    i.TIM_OC2_SetConfig  stm32f1xx_hal_tim.o
    0x08004ce8   0x08004ce8   0x00000068   Code   RO         2382    i.TIM_OC3_SetConfig  stm32f1xx_hal_tim.o
    0x08004d50   0x08004d50   0x00000048   Code   RO         2383    i.TIM_OC4_SetConfig  stm32f1xx_hal_tim.o
    0x08004d98   0x08004d98   0x00000026   Code   RO         2385    i.TIM_TI1_ConfigInputStage  stm32f1xx_hal_tim.o
    0x08004dbe   0x08004dbe   0x00000002   PAD
    0x08004dc0   0x08004dc0   0x0000005c   Code   RO         2386    i.TIM_TI1_SetConfig  stm32f1xx_hal_tim.o
    0x08004e1c   0x08004e1c   0x00000028   Code   RO         2387    i.TIM_TI2_ConfigInputStage  stm32f1xx_hal_tim.o
    0x08004e44   0x08004e44   0x0000003a   Code   RO         2388    i.TIM_TI2_SetConfig  stm32f1xx_hal_tim.o
    0x08004e7e   0x08004e7e   0x00000038   Code   RO         2389    i.TIM_TI3_SetConfig  stm32f1xx_hal_tim.o
    0x08004eb6   0x08004eb6   0x0000003c   Code   RO         2390    i.TIM_TI4_SetConfig  stm32f1xx_hal_tim.o
    0x08004ef2   0x08004ef2   0x00000002   PAD
    0x08004ef4   0x08004ef4   0x00000038   Code   RO          171    i.TurnLeft          main.o
    0x08004f2c   0x08004f2c   0x00000038   Code   RO          172    i.TurnRight         main.o
    0x08004f64   0x08004f64   0x000000fc   Code   RO         3312    i.UART_SetConfig    stm32f1xx_hal_uart.o
    0x08005060   0x08005060   0x0000006c   Code   RO         3316    i.UART_WaitOnFlagUntilTimeout  stm32f1xx_hal_uart.o
    0x080050cc   0x080050cc   0x00000004   Code   RO          338    i.UsageFault_Handler  stm32f1xx_it.o
    0x080050d0   0x080050d0   0x00000028   Code   RO         3970    i.__ARM_fpclassify  m_ws.l(fpclassify.o)
    0x080050f8   0x080050f8   0x00000010   Code   RO         1437    i.__NVIC_GetPriorityGrouping  stm32f1xx_hal_cortex.o
    0x08005108   0x08005108   0x00000028   Code   RO         1438    i.__NVIC_SetPriority  stm32f1xx_hal_cortex.o
    0x08005130   0x08005130   0x0000000e   Code   RO         3747    i._is_digit         c_w.l(__printf_wp.o)
    0x0800513e   0x0800513e   0x00000022   Code   RO          522    i.checkDeviceSurrounded  algorithm.o
    0x08005160   0x08005160   0x00000072   Code   RO          523    i.checkObstacleList  algorithm.o
    0x080051d2   0x080051d2   0x00000072   Code   RO          524    i.checkTraceList    algorithm.o
    0x08005244   0x08005244   0x00000074   Code   RO          525    i.createPosList     algorithm.o
    0x080052b8   0x080052b8   0x00000094   Code   RO          526    i.detectDirection   algorithm.o
    0x0800534c   0x0800534c   0x00000014   Code   RO          527    i.freeArray         algorithm.o
    0x08005360   0x08005360   0x0000000e   Code   RO          528    i.getInfoDistanceSensor  algorithm.o
    0x0800536e   0x0800536e   0x0000001a   Code   RO          529    i.initArray         algorithm.o
    0x08005388   0x08005388   0x00000044   Code   RO          530    i.initialize        algorithm.o
    0x080053cc   0x080053cc   0x0000003a   Code   RO          531    i.insertArray       algorithm.o
    0x08005406   0x08005406   0x0000000c   Code   RO           13    i.lcd_clear         lcd_txt.o
    0x08005412   0x08005412   0x00000002   PAD
    0x08005414   0x08005414   0x0000007c   Code   RO           14    i.lcd_init          lcd_txt.o
    0x08005490   0x08005490   0x00000066   Code   RO           15    i.lcd_puts          lcd_txt.o
    0x080054f6   0x080054f6   0x00000002   PAD
    0x080054f8   0x080054f8   0x00000148   Code   RO           16    i.lcd_write         lcd_txt.o
    0x08005640   0x08005640   0x000000a0   Code   RO          173    i.main              main.o
    0x080056e0   0x080056e0   0x00000098   Code   RO          532    i.randomSelection   algorithm.o
    0x08005778   0x08005778   0x00000108   Code   RO          533    i.recursive         algorithm.o
    0x08005880   0x08005880   0x0000002c   Code   RO         3955    locale$$code        c_w.l(lc_numeric_c.o)
    0x080058ac   0x080058ac   0x00000062   Code   RO         3773    x$fpl$d2f           fz_ws.l(d2f.o)
    0x0800590e   0x0800590e   0x00000002   PAD
    0x08005910   0x08005910   0x000002b0   Code   RO         3776    x$fpl$ddiv          fz_ws.l(ddiv.o)
    0x08005bc0   0x08005bc0   0x0000005a   Code   RO         3779    x$fpl$dfixu         fz_ws.l(dfixu.o)
    0x08005c1a   0x08005c1a   0x0000002e   Code   RO         3784    x$fpl$dflt          fz_ws.l(dflt_clz.o)
    0x08005c48   0x08005c48   0x00000026   Code   RO         3783    x$fpl$dfltu         fz_ws.l(dflt_clz.o)
    0x08005c6e   0x08005c6e   0x00000002   PAD
    0x08005c70   0x08005c70   0x00000154   Code   RO         3789    x$fpl$dmul          fz_ws.l(dmul.o)
    0x08005dc4   0x08005dc4   0x0000009c   Code   RO         3881    x$fpl$dnaninf       fz_ws.l(dnaninf.o)
    0x08005e60   0x08005e60   0x0000000c   Code   RO         3883    x$fpl$dretinf       fz_ws.l(dretinf.o)
    0x08005e6c   0x08005e6c   0x00000056   Code   RO         3791    x$fpl$f2d           fz_ws.l(f2d.o)
    0x08005ec2   0x08005ec2   0x0000008c   Code   RO         3885    x$fpl$fnaninf       fz_ws.l(fnaninf.o)
    0x08005f4e   0x08005f4e   0x0000000a   Code   RO         3887    x$fpl$fretinf       fz_ws.l(fretinf.o)
    0x08005f58   0x08005f58   0x00000004   Code   RO         3793    x$fpl$printf1       fz_ws.l(printf1.o)
    0x08005f5c   0x08005f5c   0x00000000   Code   RO         3889    x$fpl$usenofp       fz_ws.l(usenofp.o)
    0x08005f5c   0x08005f5c   0x00000018   Data   RO         3625    .constdata          system_stm32f1xx.o
    0x08005f74   0x08005f74   0x00000094   Data   RO         3930    .constdata          c_w.l(bigflt0.o)
    0x08006008   0x08006008   0x00000020   Data   RO         4059    Region$$Table       anon$$obj.o
    0x08006028   0x08006028   0x0000001c   Data   RO         3954    locale$$data        c_w.l(lc_numeric_c.o)


    Execution Region RW_IRAM1 (Exec base: 0x20000000, Load base: 0x08006044, Size: 0x00000988, Max: 0x00002800, ABSOLUTE)

    Exec Addr    Load Addr    Size         Type   Attr      Idx    E Section Name        Object

    0x20000000   0x08006044   0x0000001c   Data   RW          175    .data               main.o
    0x2000001c   0x08006060   0x00000008   Data   RW          535    .data               algorithm.o
    0x20000024   0x08006068   0x00000009   Data   RW          969    .data               stm32f1xx_hal.o
    0x2000002d   0x08006071   0x00000003   PAD
    0x20000030   0x08006074   0x00000004   Data   RW         3626    .data               system_stm32f1xx.o
    0x20000034        -       0x000001e8   Zero   RW          174    .bss                main.o
    0x2000021c        -       0x00000024   Zero   RW          534    .bss                algorithm.o
    0x20000240        -       0x000000e4   Zero   RW         3762    .bss                c_w.l(rand.o)
    0x20000324        -       0x00000060   Zero   RW         3893    .bss                c_w.l(libspace.o)
    0x20000384   0x08006078   0x00000004   PAD
    0x20000388        -       0x00000200   Zero   RW            2    HEAP                startup_stm32f103x6.o
    0x20000588        -       0x00000400   Zero   RW            1    STACK               startup_stm32f103x6.o


==============================================================================

Image component sizes


      Code (inc. data)   RO Data    RW Data    ZI Data      Debug   Object Name

      1128         56          0          8         36       9576   algorithm.o
       566         18          0          0          0     447006   lcd_txt.o
      2576        412          0         28        488      11568   main.o
        64         26        236          0       1536        784   startup_stm32f103x6.o
       152         32          0          9          0       4733   stm32f1xx_hal.o
      1528         44          0          0          0       6363   stm32f1xx_hal_adc.o
         2          0          0          0          0       1025   stm32f1xx_hal_adc_ex.o
       304         22          0          0          0      29211   stm32f1xx_hal_cortex.o
       516          8          0          0          0       1848   stm32f1xx_hal_dma.o
       840         34          0          0          0       3740   stm32f1xx_hal_gpio.o
       884         96          0          0          0       4814   stm32f1xx_hal_msp.o
      1784        110          0          0          0       5776   stm32f1xx_hal_rcc.o
       304         14          0          0          0       1340   stm32f1xx_hal_rcc_ex.o
      1488          6          0          0          0       6131   stm32f1xx_hal_spi.o
      3440         74          0          0          0      23047   stm32f1xx_hal_tim.o
       240         10          0          0          0       3037   stm32f1xx_hal_tim_ex.o
       684          4          0          0          0       3456   stm32f1xx_hal_uart.o
       108         24          0          0          0       5700   stm32f1xx_it.o
         2          0         24          4          0       1011   system_stm32f1xx.o

    ----------------------------------------------------------------------
     16654        990        292         52       2060     570166   Object Totals
         0          0         32          0          0          0   (incl. Generated)
        44          0          0          3          0          0   (incl. Padding)

    ----------------------------------------------------------------------

      Code (inc. data)   RO Data    RW Data    ZI Data      Debug   Library Member Name

        44          6          0          0          0         84   __2sprintf.o
         8          0          0          0          0         68   __main.o
       284          0          0          0          0        156   __printf_wp.o
         0          0          0          0          0          0   __rtentry.o
        12          0          0          0          0          0   __rtentry2.o
         6          0          0          0          0          0   __rtentry4.o
        52          8          0          0          0          0   __scatter.o
        26          0          0          0          0          0   __scatter_copy.o
        28          0          0          0          0          0   __scatter_zi.o
        48          6          0          0          0         96   _printf_char_common.o
         6          0          0          0          0          0   _printf_d.o
       120         16          0          0          0         92   _printf_dec.o
         6          0          0          0          0          0   _printf_f.o
      1054          0          0          0          0        216   _printf_fp_dec.o
       128         16          0          0          0         84   _printf_fp_infnan.o
       178          0          0          0          0         88   _printf_intcommon.o
         0          0          0          0          0          0   _printf_percent.o
         4          0          0          0          0          0   _printf_percent_end.o
        10          0          0          0          0         68   _sputc.o
       228          4        148          0          0         96   bigflt0.o
      1936        128          0          0          0        672   btod.o
        10          0          0          0          0         68   defsig_exit.o
        50          0          0          0          0         88   defsig_general.o
        80         58          0          0          0         76   defsig_rtmem_inner.o
        14          0          0          0          0         80   defsig_rtmem_outer.o
        18          0          0          0          0         80   exit.o
        94          0          0          0          0         80   h1_alloc.o
        52          0          0          0          0         68   h1_extend.o
        78          0          0          0          0         80   h1_free.o
        14          0          0          0          0         84   h1_init.o
       184          0          0          0          0         92   h1_realloc.o
         6          0          0          0          0        152   heapauxi.o
         4          0          0          0          0        136   hguard.o
         0          0          0          0          0          0   indicate_semi.o
       138          0          0          0          0        168   init_alloc.o
        44         10         28          0          0         76   lc_numeric_c.o
         2          0          0          0          0          0   libinit.o
        30          0          0          0          0          0   libinit2.o
         2          0          0          0          0          0   libshutdown.o
         2          0          0          0          0          0   libshutdown2.o
         8          4          0          0         96         68   libspace.o
       138          0          0          0          0         80   lludiv10.o
         0          0          0          0          0          0   maybetermalloc1.o
       112         18          0          0        228        160   rand.o
         8          4          0          0          0         68   rt_heap_descriptor_intlibspace.o
         8          4          0          0          0         68   rt_locale_intlibspace.o
        78          0          0          0          0         80   rt_memclr_w.o
       100          0          0          0          0         80   rt_memcpy_w.o
         2          0          0          0          0          0   rtexit.o
        10          0          0          0          0          0   rtexit2.o
       128          0          0          0          0         68   strcmpv7m.o
        62          0          0          0          0         76   strlen.o
        12          4          0          0          0         68   sys_exit.o
        74          0          0          0          0         80   sys_stackheap_outer.o
        14          0          0          0          0         76   sys_wrch.o
         2          0          0          0          0         68   use_no_semi.o
        98          4          0          0          0         92   d2f.o
       688        140          0          0          0        208   ddiv.o
        90          4          0          0          0         92   dfixu.o
        84          0          0          0          0        136   dflt_clz.o
       340         12          0          0          0        104   dmul.o
       156          4          0          0          0         92   dnaninf.o
        12          0          0          0          0         68   dretinf.o
        86          4          0          0          0         84   f2d.o
       140          4          0          0          0         84   fnaninf.o
        10          0          0          0          0         68   fretinf.o
         4          0          0          0          0         68   printf1.o
         0          0          0          0          0          0   usenofp.o
        40          0          0          0          0         68   fpclassify.o

    ----------------------------------------------------------------------
      7522        458        176          0        328       5252   Library Totals
        18          0          0          0          4          0   (incl. Padding)

    ----------------------------------------------------------------------

      Code (inc. data)   RO Data    RW Data    ZI Data      Debug   Library Name

      5756        286        176          0        324       4088   c_w.l
      1708        172          0          0          0       1096   fz_ws.l
        40          0          0          0          0         68   m_ws.l

    ----------------------------------------------------------------------
      7522        458        176          0        328       5252   Library Totals

    ----------------------------------------------------------------------

==============================================================================


      Code (inc. data)   RO Data    RW Data    ZI Data      Debug   

     24176       1448        468         52       2388     565482   Grand Totals
     24176       1448        468         52       2388     565482   ELF Image Totals
     24176       1448        468         52          0          0   ROM Totals

==============================================================================

    Total RO  Size (Code + RO Data)                24644 (  24.07kB)
    Total RW  Size (RW Data + ZI Data)              2440 (   2.38kB)
    Total ROM Size (Code + RO Data + RW Data)      24696 (  24.12kB)

==============================================================================

